E:\RT1060\evkbimxrt1050_host_video_camera_freertos\CMSIS/core_cm7.h:1902:22:__NVIC_EnableIRQ	16	static
E:\RT1060\evkbimxrt1050_host_video_camera_freertos\CMSIS/core_cm7.h:2032:22:__NVIC_SetPriority	16	static
E:\RT1060\evkbimxrt1050_host_video_camera_freertos\drivers/fsl_clock.h:1377:20:CLOCK_SetMux	24	static
E:\RT1060\evkbimxrt1050_host_video_camera_freertos\drivers/fsl_clock.h:1429:20:CLOCK_SetDiv	24	static
E:\RT1060\evkbimxrt1050_host_video_camera_freertos\drivers/fsl_common_arm.h:499:24:EnableIRQ	24	static
E:\RT1060\evkbimxrt1050_host_video_camera_freertos\drivers/fsl_gpio.h:176:24:GPIO_PinRead	16	static
E:\RT1060\evkbimxrt1050_host_video_camera_freertos\drivers/fsl_gpio.h:253:20:GPIO_PortEnableInterrupts	16	static
E:\RT1060\evkbimxrt1050_host_video_camera_freertos\drivers/fsl_gpio.h:295:24:GPIO_PortGetInterruptFlags	16	static
E:\RT1060\evkbimxrt1050_host_video_camera_freertos\drivers/fsl_gpio.h:318:20:GPIO_PortClearInterruptFlags	16	static
E:\RT1060\evkbimxrt1050_host_video_camera_freertos\drivers/fsl_iomuxc.h:1124:20:IOMUXC_SetPinConfig	24	static
../board/sdmmc_config.c:45:10:BOARD_USDHC1ClockConfiguration	8	static
../board/sdmmc_config.c:58:6:BOARD_SDCardGetDetectStatus	8	static
../board/sdmmc_config.c:63:6:GPIO2_Combined_16_31_IRQHandler	16	static
../board/sdmmc_config.c:76:6:BOARD_SDCardDAT3PullFunction	24	static
../board/sdmmc_config.c:96:6:BOARD_SDCardDetectInit	24	static
../board/sdmmc_config.c:139:6:BOARD_SDCardPowerResetInit	16	static
../board/sdmmc_config.c:149:6:BOARD_SDCardPowerControl	16	static
../board/sdmmc_config.c:166:6:BOARD_SD_Pin_Config	32	static
../board/sdmmc_config.c:219:6:BOARD_SD_Config	32	static
