Archive member included to satisfy reference by file (symbol)

c:/nxp/mcuxpressoide_11.5.0_7232/ide/plugins/com.nxp.mcuxpresso.tools.win32_11.5.0.202107051138/tools/bin/../lib/gcc/arm-none-eabi/10.3.1/../../../../arm-none-eabi/lib/thumb/v7e-m+dp/hard\libcr_nohost_nf.a(_cr__main.o)
                              ./startup/startup_mimxrt1052.o (__main)
c:/nxp/mcuxpressoide_11.5.0_7232/ide/plugins/com.nxp.mcuxpresso.tools.win32_11.5.0.202107051138/tools/bin/../lib/gcc/arm-none-eabi/10.3.1/../../../../arm-none-eabi/lib/thumb/v7e-m+dp/hard\libcr_c.a(memcpy.o)
                              ./utilities/fsl_str.o (memcpy)
c:/nxp/mcuxpressoide_11.5.0_7232/ide/plugins/com.nxp.mcuxpresso.tools.win32_11.5.0.202107051138/tools/bin/../lib/gcc/arm-none-eabi/10.3.1/../../../../arm-none-eabi/lib/thumb/v7e-m+dp/hard\libcr_c.a(memset.o)
                              ./utilities/fsl_debug_console.o (memset)
c:/nxp/mcuxpressoide_11.5.0_7232/ide/plugins/com.nxp.mcuxpresso.tools.win32_11.5.0.202107051138/tools/bin/../lib/gcc/arm-none-eabi/10.3.1/../../../../arm-none-eabi/lib/thumb/v7e-m+dp/hard\libcr_c.a(alloc.o)
                              ./drivers/fsl_common.o (malloc)
c:/nxp/mcuxpressoide_11.5.0_7232/ide/plugins/com.nxp.mcuxpresso.tools.win32_11.5.0.202107051138/tools/bin/../lib/gcc/arm-none-eabi/10.3.1/../../../../arm-none-eabi/lib/thumb/v7e-m+dp/hard\libcr_c.a(errno.o)
                              ./utilities/fsl_str.o (errno)
c:/nxp/mcuxpressoide_11.5.0_7232/ide/plugins/com.nxp.mcuxpresso.tools.win32_11.5.0.202107051138/tools/bin/../lib/gcc/arm-none-eabi/10.3.1/../../../../arm-none-eabi/lib/thumb/v7e-m+dp/hard\libcr_c.a(initio.o)
                              c:/nxp/mcuxpressoide_11.5.0_7232/ide/plugins/com.nxp.mcuxpresso.tools.win32_11.5.0.202107051138/tools/bin/../lib/gcc/arm-none-eabi/10.3.1/../../../../arm-none-eabi/lib/thumb/v7e-m+dp/hard\libcr_nohost_nf.a(_cr__main.o) (_initio)
c:/nxp/mcuxpressoide_11.5.0_7232/ide/plugins/com.nxp.mcuxpresso.tools.win32_11.5.0.202107051138/tools/bin/../lib/gcc/arm-none-eabi/10.3.1/../../../../arm-none-eabi/lib/thumb/v7e-m+dp/hard\libcr_c.a(memcmp.o)
                              ./source/host_video.o (memcmp)
c:/nxp/mcuxpressoide_11.5.0_7232/ide/plugins/com.nxp.mcuxpresso.tools.win32_11.5.0.202107051138/tools/bin/../lib/gcc/arm-none-eabi/10.3.1/../../../../arm-none-eabi/lib/thumb/v7e-m+dp/hard\libcr_c.a(printf.o)
                              ./source/host_video.o (_sprintf)
c:/nxp/mcuxpressoide_11.5.0_7232/ide/plugins/com.nxp.mcuxpresso.tools.win32_11.5.0.202107051138/tools/bin/../lib/gcc/arm-none-eabi/10.3.1/../../../../arm-none-eabi/lib/thumb/v7e-m+dp/hard\libcr_c.a(scanf.o)
                              ./utilities/fsl_str.o (strtoul)
c:/nxp/mcuxpressoide_11.5.0_7232/ide/plugins/com.nxp.mcuxpresso.tools.win32_11.5.0.202107051138/tools/bin/../lib/gcc/arm-none-eabi/10.3.1/../../../../arm-none-eabi/lib/thumb/v7e-m+dp/hard\libcr_c.a(setvbuf.o)
                              c:/nxp/mcuxpressoide_11.5.0_7232/ide/plugins/com.nxp.mcuxpresso.tools.win32_11.5.0.202107051138/tools/bin/../lib/gcc/arm-none-eabi/10.3.1/../../../../arm-none-eabi/lib/thumb/v7e-m+dp/hard\libcr_c.a(initio.o) (setvbuf)
c:/nxp/mcuxpressoide_11.5.0_7232/ide/plugins/com.nxp.mcuxpresso.tools.win32_11.5.0.202107051138/tools/bin/../lib/gcc/arm-none-eabi/10.3.1/../../../../arm-none-eabi/lib/thumb/v7e-m+dp/hard\libcr_c.a(strchr.o)
                              ./fatfs/source/ff.o (strchr)
c:/nxp/mcuxpressoide_11.5.0_7232/ide/plugins/com.nxp.mcuxpresso.tools.win32_11.5.0.202107051138/tools/bin/../lib/gcc/arm-none-eabi/10.3.1/../../../../arm-none-eabi/lib/thumb/v7e-m+dp/hard\libcr_c.a(strcpy.o)
                              ./freertos/freertos_kernel/tasks.o (strcpy)
c:/nxp/mcuxpressoide_11.5.0_7232/ide/plugins/com.nxp.mcuxpresso.tools.win32_11.5.0.202107051138/tools/bin/../lib/gcc/arm-none-eabi/10.3.1/../../../../arm-none-eabi/lib/thumb/v7e-m+dp/hard\libcr_c.a(strlen.o)
                              ./utilities/fsl_str.o (strlen)
c:/nxp/mcuxpressoide_11.5.0_7232/ide/plugins/com.nxp.mcuxpresso.tools.win32_11.5.0.202107051138/tools/bin/../lib/gcc/arm-none-eabi/10.3.1/../../../../arm-none-eabi/lib/thumb/v7e-m+dp/hard\libcr_c.a(ungetc.o)
                              c:/nxp/mcuxpressoide_11.5.0_7232/ide/plugins/com.nxp.mcuxpresso.tools.win32_11.5.0.202107051138/tools/bin/../lib/gcc/arm-none-eabi/10.3.1/../../../../arm-none-eabi/lib/thumb/v7e-m+dp/hard\libcr_c.a(scanf.o) (ungetc)
c:/nxp/mcuxpressoide_11.5.0_7232/ide/plugins/com.nxp.mcuxpresso.tools.win32_11.5.0.202107051138/tools/bin/../lib/gcc/arm-none-eabi/10.3.1/../../../../arm-none-eabi/lib/thumb/v7e-m+dp/hard\libcr_c.a(__fillbuf.o)
                              c:/nxp/mcuxpressoide_11.5.0_7232/ide/plugins/com.nxp.mcuxpresso.tools.win32_11.5.0.202107051138/tools/bin/../lib/gcc/arm-none-eabi/10.3.1/../../../../arm-none-eabi/lib/thumb/v7e-m+dp/hard\libcr_c.a(scanf.o) (__filbuf)
[...]
Memory Configuration

Name             Origin             Length             Attributes
BOARD_FLASH      0x60000000         0x04000000         xr
BOARD_SDRAM      0x80000000         0x01e00000         xrw
NCACHE_REGION    0x81e00000         0x00200000         xrw
SRAM_DTC         0x20000000         0x00020000         xrw
SRAM_ITC         0x00000000         0x00020000         xrw
SRAM_OC          0x20200000         0x00040000         xrw
*default*        0x00000000         0xffffffff

Linker script and memory map

LOAD ./xip/evkbimxrt1050_flexspi_nor_config.o
LOAD ./xip/fsl_flexspi_nor_boot.o
LOAD ./utilities/fsl_assert.o
LOAD ./utilities/fsl_debug_console.o
LOAD ./utilities/fsl_str.o
LOAD ./usb/phy/usb_phy.o
LOAD ./usb/host/class/usb_host_hub.o
LOAD ./usb/host/class/usb_host_hub_app.o
LOAD ./usb/host/class/usb_host_video.o
LOAD ./usb/host/usb_host_devices.o
LOAD ./usb/host/usb_host_ehci.o
LOAD ./usb/host/usb_host_framework.o
LOAD ./usb/host/usb_host_hci.o
LOAD ./startup/startup_mimxrt1052.o
LOAD ./source/app.o
LOAD ./source/host_video.o
LOAD ./source/semihost_hardfault.o
LOAD ./sdmmc/src/fsl_sd.o
LOAD ./sdmmc/src/fsl_sdmmc_common.o
LOAD ./sdmmc/osa/fsl_sdmmc_osa.o
LOAD ./sdmmc/host/fsl_sdmmc_host.o
LOAD ./freertos/freertos_kernel/portable/MemMang/heap_4.o
LOAD ./freertos/freertos_kernel/portable/GCC/ARM_CM4F/port.o
LOAD ./freertos/freertos_kernel/croutine.o
LOAD ./freertos/freertos_kernel/event_groups.o
LOAD ./freertos/freertos_kernel/list.o
LOAD ./freertos/freertos_kernel/queue.o
LOAD ./freertos/freertos_kernel/stream_buffer.o
LOAD ./freertos/freertos_kernel/tasks.o
LOAD ./freertos/freertos_kernel/timers.o
LOAD ./fatfs/source/fsl_sd_disk/fsl_sd_disk.o
LOAD ./fatfs/source/fsl_ram_disk/fsl_ram_disk.o
LOAD ./fatfs/source/diskio.o
LOAD ./fatfs/source/ff.o
LOAD ./fatfs/source/ffsystem.o
LOAD ./fatfs/source/ffunicode.o
LOAD ./drivers/fsl_cache.o
LOAD ./drivers/fsl_clock.o
LOAD ./drivers/fsl_common.o
LOAD ./drivers/fsl_common_arm.o
LOAD ./drivers/fsl_gpio.o
LOAD ./drivers/fsl_lpuart.o
LOAD ./drivers/fsl_usdhc.o
LOAD ./device/system_MIMXRT1052.o
LOAD ./component/uart/fsl_adapter_lpuart.o
LOAD ./component/serial_manager/fsl_component_serial_manager.o
LOAD ./component/serial_manager/fsl_component_serial_port_uart.o
LOAD ./component/osa/fsl_os_abstraction_free_rtos.o
LOAD ./component/lists/fsl_component_generic_list.o
LOAD ./board/board.o
LOAD ./board/clock_config.o
LOAD ./board/dcd.o
LOAD ./board/pin_mux.o
LOAD ./board/sdmmc_config.o
START GROUP
LOAD c:/nxp/mcuxpressoide_11.5.0_7232/ide/plugins/com.nxp.mcuxpresso.tools.win32_11.5.0.202107051138/tools/bin/../lib/gcc/arm-none-eabi/10.3.1/../../../../arm-none-eabi/lib/thumb/v7e-m+dp/hard\libcr_nohost_nf.a
LOAD c:/nxp/mcuxpressoide_11.5.0_7232/ide/plugins/com.nxp.mcuxpresso.tools.win32_11.5.0.202107051138/tools/bin/../lib/gcc/arm-none-eabi/10.3.1/../../../../arm-none-eabi/lib/thumb/v7e-m+dp/hard\libcr_c.a
LOAD c:/nxp/mcuxpressoide_11.5.0_7232/ide/plugins/com.nxp.mcuxpresso.tools.win32_11.5.0.202107051138/tools/bin/../lib/gcc/arm-none-eabi/10.3.1/thumb/v7e-m+dp/hard\libcr_eabihelpers.a
LOAD c:/nxp/mcuxpressoide_11.5.0_7232/ide/plugins/com.nxp.mcuxpresso.tools.win32_11.5.0.202107051138/tools/bin/../lib/gcc/arm-none-eabi/10.3.1/thumb/v7e-m+dp/hard\libgcc.a
END GROUP
                0x60000000                __base_BOARD_FLASH = 0x60000000
                0x60000000                __base_Flash = 0x60000000
                0x64000000                __top_BOARD_FLASH = 0x64000000
                0x64000000                __top_Flash = 0x64000000
                0x80000000                __base_BOARD_SDRAM = 0x80000000
                0x80000000                __base_RAM = 0x80000000
                0x81e00000                __top_BOARD_SDRAM = 0x81e00000
                0x81e00000                __top_RAM = 0x81e00000
                0x81e00000                __base_NCACHE_REGION = 0x81e00000
                0x81e00000                __base_RAM2 = 0x81e00000
                0x82000000                __top_NCACHE_REGION = 0x82000000
                0x82000000                __top_RAM2 = 0x82000000
                0x20000000                __base_SRAM_DTC = 0x20000000
                0x20000000                __base_RAM3 = 0x20000000
                0x20020000                __top_SRAM_DTC = 0x20020000
                0x20020000                __top_RAM3 = 0x20020000
                0x00000000                __base_SRAM_ITC = 0x0
                0x00000000                __base_RAM4 = 0x0
                0x00020000                __top_SRAM_ITC = 0x20000
                0x00020000                __top_RAM4 = 0x20000
                0x20200000                __base_SRAM_OC = 0x20200000
                0x20200000                __base_RAM5 = 0x20200000
                0x20240000                __top_SRAM_OC = 0x20240000
                0x20240000                __top_RAM5 = 0x20240000

.boot_hdr       0x60000000     0x2000
 FILL mask 0xff
                0x60000000                __boot_hdr_start__ = ABSOLUTE (.)
 *(SORT_BY_ALIGNMENT(.boot_hdr.conf))
 .boot_hdr.conf
                0x60000000      0x200 ./xip/evkbimxrt1050_flexspi_nor_config.o
                0x60000000                hyperflash_config
                0x00001000                . = 0x1000
 *fill*         0x60000200      0xe00 ff
 *(SORT_BY_ALIGNMENT(.boot_hdr.ivt))
 .boot_hdr.ivt  0x60001000       0x20 ./xip/fsl_flexspi_nor_boot.o
                0x60001000                image_vector_table
                0x00001020                . = 0x1020
 *(SORT_BY_ALIGNMENT(.boot_hdr.boot_data))
 .boot_hdr.boot_data
                0x60001020       0x10 ./xip/fsl_flexspi_nor_boot.o
                0x60001020                g_boot_data
                0x00001030                . = 0x1030
 *(SORT_BY_ALIGNMENT(.boot_hdr.dcd_data))
 .boot_hdr.dcd_data
                0x60001030      0x410 ./board/dcd.o
                0x60001030                dcd_data
                0x60001440                __boot_hdr_end__ = ABSOLUTE (.)
                0x00002000                . = 0x2000
 *fill*         0x60001440      0xbc0 ff

.text           0x60002000    0x1c610
 FILL mask 0xff
                0x60002000                __vectors_start__ = ABSOLUTE (.)
 *(SORT_BY_ALIGNMENT(.isr_vector))
 .isr_vector    0x60002000      0x2a0 ./startup/startup_mimxrt1052.o
                0x60002000                g_pfnVectors
                0x60002000                __Vectors
                0x600022a0                . = ALIGN (0x4)
                0x600022a0                __section_table_start = .
                0x600022a0                __data_section_table = .
                0x600022a0        0x4 LONG 0x6001e610 LOADADDR (.data)
                0x600022a4        0x4 LONG 0x80000000 ADDR (.data)
                0x600022a8        0x4 LONG 0x28 SIZEOF (.data)
                0x600022ac        0x4 LONG 0x6001e610 LOADADDR (.data_RAM2)
                0x600022b0        0x4 LONG 0x81e00000 ADDR (.data_RAM2)
                0x600022b4        0x4 LONG 0x0 SIZEOF (.data_RAM2)
                0x600022b8        0x4 LONG 0x6001e610 LOADADDR (.data_RAM3)
                0x600022bc        0x4 LONG 0x20000000 ADDR (.data_RAM3)
                0x600022c0        0x4 LONG 0x0 SIZEOF (.data_RAM3)
                0x600022c4        0x4 LONG 0x6001e610 LOADADDR (.data_RAM4)
                0x600022c8        0x4 LONG 0x0 ADDR (.data_RAM4)
                0x600022cc        0x4 LONG 0x0 SIZEOF (.data_RAM4)
                0x600022d0        0x4 LONG 0x6001e610 LOADADDR (.data_RAM5)
                0x600022d4        0x4 LONG 0x20200000 ADDR (.data_RAM5)
                0x600022d8        0x4 LONG 0x0 SIZEOF (.data_RAM5)
                0x600022dc                __data_section_table_end = .
                0x600022dc                __bss_section_table = .
                0x600022dc        0x4 LONG 0x80000028 ADDR (.bss)
                0x600022e0        0x4 LONG 0x11f8 SIZEOF (.bss)
                0x600022e4        0x4 LONG 0x81e00000 ADDR (.bss_RAM2)
                0x600022e8        0x4 LONG 0xad690 SIZEOF (.bss_RAM2)
                0x600022ec        0x4 LONG 0x20000000 ADDR (.bss_RAM3)
                0x600022f0        0x4 LONG 0x0 SIZEOF (.bss_RAM3)
                0x600022f4        0x4 LONG 0x0 ADDR (.bss_RAM4)
                0x600022f8        0x4 LONG 0x0 SIZEOF (.bss_RAM4)
                0x600022fc        0x4 LONG 0x20200000 ADDR (.bss_RAM5)
                0x60002300        0x4 LONG 0x0 SIZEOF (.bss_RAM5)
                0x60002304                __bss_section_table_end = .
                0x60002304                __section_table_end = .
 *(SORT_BY_ALIGNMENT(.after_vectors*))
 .after_vectors.reset
                0x60002304       0x54 ./startup/startup_mimxrt1052.o
                0x60002304                ResetISR
 .after_vectors.init_data
                0x60002358       0x1e ./startup/startup_mimxrt1052.o
                0x60002358                data_init
 .after_vectors.init_bss
                0x60002376       0x12 ./startup/startup_mimxrt1052.o
                0x60002376                bss_init
 .after_vectors
                0x60002388       0x14 ./startup/startup_mimxrt1052.o
                0x60002388                NMI_Handler
                0x6000238c                MemManage_Handler
                0x6000238e                BusFault_Handler
                0x60002390                UsageFault_Handler
                0x60002394                DebugMon_Handler
                0x6000239a                LCDIF_DriverIRQHandler
                0x6000239a                SAI3_RX_DriverIRQHandler
                0x6000239a                CCM_2_DriverIRQHandler
                0x6000239a                PIT_DriverIRQHandler
                0x6000239a                PMU_EVENT_DriverIRQHandler
                0x6000239a                PWM4_FAULT_DriverIRQHandler
                0x6000239a                DMA13_DMA29_DriverIRQHandler
                0x6000239a                FLEXRAM_DriverIRQHandler
                0x6000239a                LPSPI4_DriverIRQHandler
                0x6000239a                SEMC_DriverIRQHandler
                0x6000239a                SPDIF_DriverIRQHandler
                0x6000239a                PWM4_3_DriverIRQHandler
                0x6000239a                KPP_DriverIRQHandler
                0x6000239a                USB_PHY1_DriverIRQHandler
                0x6000239a                GPIO3_Combined_0_15_DriverIRQHandler
                0x6000239a                DMA7_DMA23_DriverIRQHandler
                0x6000239a                BEE_DriverIRQHandler
                0x6000239a                LPI2C3_DriverIRQHandler
                0x6000239a                GPR_IRQ_DriverIRQHandler
                0x6000239a                PWM2_FAULT_DriverIRQHandler
                0x6000239a                PWM3_1_DriverIRQHandler
                0x6000239a                DMA14_DMA30_DriverIRQHandler
                0x6000239a                TMR1_DriverIRQHandler
                0x6000239a                TRNG_DriverIRQHandler
                0x6000239a                PWM3_2_DriverIRQHandler
                0x6000239a                ENET_1588_Timer_DriverIRQHandler
                0x6000239a                FLEXIO2_DriverIRQHandler
                0x6000239a                GPIO2_Combined_16_31_DriverIRQHandler
                0x6000239a                Reserved143_DriverIRQHandler
                0x6000239a                LPSPI2_DriverIRQHandler
                0x6000239a                PWM4_1_DriverIRQHandler
                0x6000239a                PWM3_3_DriverIRQHandler
                0x6000239a                DMA0_DMA16_DriverIRQHandler
                0x6000239a                IntDefaultHandler
                0x6000239a                DMA2_DMA18_DriverIRQHandler
                0x6000239a                SRC_DriverIRQHandler
                0x6000239a                GPIO1_INT4_DriverIRQHandler
                0x6000239a                Reserved144_DriverIRQHandler
                0x6000239a                ENC3_DriverIRQHandler
                0x6000239a                PWM3_FAULT_DriverIRQHandler
                0x6000239a                EWM_DriverIRQHandler
                0x6000239a                TSC_DIG_DriverIRQHandler
                0x6000239a                Reserved87_DriverIRQHandler
                0x6000239a                FLEXIO1_DriverIRQHandler
                0x6000239a                ENET_DriverIRQHandler
                0x6000239a                Reserved78_DriverIRQHandler
                0x6000239a                TMR4_DriverIRQHandler
                0x6000239a                ENC2_DriverIRQHandler
                0x6000239a                ADC_ETC_IRQ2_DriverIRQHandler
                0x6000239a                GPIO1_Combined_16_31_DriverIRQHandler
                0x6000239a                GPIO1_INT7_DriverIRQHandler
                0x6000239a                SAI1_DriverIRQHandler
                0x6000239a                DCDC_DriverIRQHandler
                0x6000239a                DMA12_DMA28_DriverIRQHandler
                0x6000239a                PWM4_0_DriverIRQHandler
                0x6000239a                ADC_ETC_ERROR_IRQ_DriverIRQHandler
                0x6000239a                ACMP2_DriverIRQHandler
                0x6000239a                GPIO5_Combined_0_15_DriverIRQHandler
                0x6000239a                GPIO1_INT0_DriverIRQHandler
                0x6000239a                GPIO1_INT2_DriverIRQHandler
                0x6000239a                RTWDOG_DriverIRQHandler
                0x6000239a                FLEXSPI_DriverIRQHandler
                0x6000239a                GPT2_DriverIRQHandler
                0x6000239a                USB_PHY2_DriverIRQHandler
                0x6000239a                DMA10_DMA26_DriverIRQHandler
                0x6000239a                PWM2_1_DriverIRQHandler
                0x6000239a                PWM1_1_DriverIRQHandler
                0x6000239a                PXP_DriverIRQHandler
                0x6000239a                ADC1_DriverIRQHandler
                0x6000239a                PWM1_0_DriverIRQHandler
                0x6000239a                SJC_DriverIRQHandler
                0x6000239a                DMA1_DMA17_DriverIRQHandler
                0x6000239a                ENC1_DriverIRQHandler
                0x6000239a                ENC4_DriverIRQHandler
                0x6000239a                CAN2_DriverIRQHandler
                0x6000239a                DCP_DriverIRQHandler
                0x6000239a                CTI0_ERROR_DriverIRQHandler
                0x6000239a                DMA8_DMA24_DriverIRQHandler
                0x6000239a                GPT1_DriverIRQHandler
                0x6000239a                ACMP3_DriverIRQHandler
                0x6000239a                DMA6_DMA22_DriverIRQHandler
                0x6000239a                CSU_DriverIRQHandler
                0x6000239a                GPIO1_INT5_DriverIRQHandler
                0x6000239a                TMR3_DriverIRQHandler
                0x6000239a                TMR2_DriverIRQHandler
                0x6000239a                CTI1_ERROR_DriverIRQHandler
                0x6000239a                GPIO1_Combined_0_15_DriverIRQHandler
                0x6000239a                PWM4_2_DriverIRQHandler
                0x6000239a                WDOG1_DriverIRQHandler
                0x6000239a                SAI2_DriverIRQHandler
                0x6000239a                CORE_DriverIRQHandler
                0x6000239a                DMA11_DMA27_DriverIRQHandler
                0x6000239a                CSI_DriverIRQHandler
                0x6000239a                PWM2_3_DriverIRQHandler
                0x6000239a                XBAR1_IRQ_2_3_DriverIRQHandler
                0x6000239a                SNVS_HP_WRAPPER_TZ_DriverIRQHandler
                0x6000239a                GPIO3_Combined_16_31_DriverIRQHandler
                0x6000239a                PWM1_FAULT_DriverIRQHandler
                0x6000239a                LPI2C1_DriverIRQHandler
                0x6000239a                PWM2_2_DriverIRQHandler
                0x6000239a                DMA4_DMA20_DriverIRQHandler
                0x6000239a                DMA9_DMA25_DriverIRQHandler
                0x6000239a                SNVS_HP_WRAPPER_DriverIRQHandler
                0x6000239a                XBAR1_IRQ_0_1_DriverIRQHandler
                0x6000239a                ADC_ETC_IRQ1_DriverIRQHandler
                0x6000239a                LPSPI1_DriverIRQHandler
                0x6000239a                DMA3_DMA19_DriverIRQHandler
                0x6000239a                GPIO1_INT3_DriverIRQHandler
                0x6000239a                DCP_VMI_DriverIRQHandler
                0x6000239a                LPI2C4_DriverIRQHandler
                0x6000239a                GPC_DriverIRQHandler
                0x6000239a                Reserved123_DriverIRQHandler
                0x6000239a                GPIO2_Combined_0_15_DriverIRQHandler
                0x6000239a                PWM1_2_DriverIRQHandler
                0x6000239a                USB_OTG1_DriverIRQHandler
                0x6000239a                TEMP_LOW_HIGH_DriverIRQHandler
                0x6000239a                SAI3_TX_DriverIRQHandler
                0x6000239a                WDOG2_DriverIRQHandler
                0x6000239a                Reserved68_DriverIRQHandler
                0x6000239a                PWM3_0_DriverIRQHandler
                0x6000239a                GPIO4_Combined_0_15_DriverIRQHandler
                0x6000239a                GPIO4_Combined_16_31_DriverIRQHandler
                0x6000239a                GPIO5_Combined_16_31_DriverIRQHandler
                0x6000239a                DMA5_DMA21_DriverIRQHandler
                0x6000239a                CCM_1_DriverIRQHandler
                0x6000239a                ADC2_DriverIRQHandler
                0x6000239a                Reserved115_DriverIRQHandler
                0x6000239a                TEMP_PANIC_DriverIRQHandler
                0x6000239a                ACMP4_DriverIRQHandler
                0x6000239a                DMA15_DMA31_DriverIRQHandler
                0x6000239a                LPSPI3_DriverIRQHandler
                0x6000239a                PWM1_3_DriverIRQHandler
                0x6000239a                ACMP1_DriverIRQHandler
                0x6000239a                LPI2C2_DriverIRQHandler
                0x6000239a                Reserved86_DriverIRQHandler
                0x6000239a                DMA_ERROR_DriverIRQHandler
                0x6000239a                ADC_ETC_IRQ0_DriverIRQHandler
                0x6000239a                CAN1_DriverIRQHandler
                0x6000239a                GPIO1_INT6_DriverIRQHandler
                0x6000239a                GPIO1_INT1_DriverIRQHandler
                0x6000239a                PWM2_0_DriverIRQHandler
                0x6000239a                SNVS_LP_WRAPPER_DriverIRQHandler
                0x6000239a                USB_OTG2_DriverIRQHandler
 *(SORT_BY_ALIGNMENT(.text*))
 *fill*         0x6000239c        0x4 ff
 .text.SVC_Handler
                0x600023a0       0x28 ./freertos/freertos_kernel/portable/GCC/ARM_CM4F/port.o
                0x600023a0                SVC_Handler
 *fill*         0x600023c8        0x8 ff
 .text.PendSV_Handler
                0x600023d0       0x68 ./freertos/freertos_kernel/portable/GCC/ARM_CM4F/port.o
                0x600023d0                PendSV_Handler
 .text.__assertion_failed
                0x60002438       0x18 ./utilities/fsl_assert.o
                0x60002438                __assertion_failed
 .text.DbgConsole_SendDataReliable
                0x60002450       0x54 ./utilities/fsl_debug_console.o
                0x60002450                DbgConsole_SendDataReliable
 .text.DbgConsole_Init
                0x600024a4      0x118 ./utilities/fsl_debug_console.o
                0x600024a4                DbgConsole_Init
 .text.DbgConsole_Vprintf
                0x600025bc       0x6c ./utilities/fsl_debug_console.o
                0x600025bc                DbgConsole_Vprintf
 .text.USB_EhciPhyGetBase
                0x60002628       0xdc ./usb/phy/usb_phy.o
                0x60002628                USB_EhciPhyGetBase
 .text.USB_EhciPhyInit
                0x60002704       0xc8 ./usb/phy/usb_phy.o
                0x60002704                USB_EhciPhyInit
 .text.USB_HostHubClassRequestCommon
                0x600027cc       0xcc ./usb/host/class/usb_host_hub.o
 .text.USB_HostHubInterruptRecv
                0x60002898       0x94 ./usb/host/class/usb_host_hub.o
                0x60002898                USB_HostHubInterruptRecv
 .text.USB_HostHubGetHubList
                0x6000292c       0xe4 ./usb/host/class/usb_host_hub_app.o
 .text.USB_HostHubGetInterruptStatus
                0x60002a10       0x5c ./usb/host/class/usb_host_hub_app.o
 .text.USB_HostHubProcess
                0x60002a6c      0x2e0 ./usb/host/class/usb_host_hub_app.o
 .text.USB_HostHubProcessPortAttach
                0x60002d4c      0x458 ./usb/host/class/usb_host_hub_app.o
 .text.USB_HostHubProcessPortDetach
                0x600031a4      0x264 ./usb/host/class/usb_host_hub_app.o
 .text.USB_HostHubProcessData
                0x60003408      0x110 ./usb/host/class/usb_host_hub_app.o
 .text.USB_HostHubDeviceEvent
                0x60003518      0x364 ./usb/host/class/usb_host_hub_app.o
                0x60003518                USB_HostHubDeviceEvent
 .text.USB_HostVideoControl
                0x6000387c       0xcc ./usb/host/class/usb_host_video.o
 .text.USB_HostVideoStreamSetInterface
                0x60003948      0x278 ./usb/host/class/usb_host_video.o
                0x60003948                USB_HostVideoStreamSetInterface
 .text.USB_HostVideoControlSetInterface
                0x60003bc0      0x1ec ./usb/host/class/usb_host_video.o
                0x60003bc0                USB_HostVideoControlSetInterface
 .text.USB_HosVideoStreamRecv
                0x60003dac       0x9c ./usb/host/class/usb_host_video.o
                0x60003dac                USB_HosVideoStreamRecv
 .text.USB_HostEnumerationTransferCallback
                0x60003e48      0x194 ./usb/host/usb_host_devices.o
 .text.USB_HostProcessState
                0x60003fdc      0x1f8 ./usb/host/usb_host_devices.o
 .text.USB_HostProcessCallback
                0x600041d4      0x208 ./usb/host/usb_host_devices.o
 .text.USB_HostOpenDeviceInterface
                0x600043dc       0xf8 ./usb/host/usb_host_devices.o
                0x600043dc                USB_HostOpenDeviceInterface
 .text.USB_HostCloseDeviceInterface
                0x600044d4      0x160 ./usb/host/usb_host_devices.o
                0x600044d4                USB_HostCloseDeviceInterface
 .text.USB_HostBandwidthComputeTime
                0x60004634      0x128 ./usb/host/usb_host_ehci.o
 .text.USB_HostBandwidthHsHostComputeCurrentFsls
                0x6000475c      0x1e8 ./usb/host/usb_host_ehci.o
 .text.USB_HostBandwidthHsHostAllocateHsCommon
                0x60004944       0xec ./usb/host/usb_host_ehci.o
 .text.USB_HostBandwidthHsHostAllocateIso
                0x60004a30      0x4dc ./usb/host/usb_host_ehci.o
 .text.USB_HostBandwidthHsHostAllocateInterrupt
                0x60004f0c      0x400 ./usb/host/usb_host_ehci.o
 .text.USB_HostBandwidthFslsHostAllocate
                0x6000530c      0x114 ./usb/host/usb_host_ehci.o
 .text.USB_HostEhciQhQtdListInit
                0x60005420      0x3ac ./usb/host/usb_host_ehci.o
 .text.USB_HostEhciSitdArrayInit
                0x600057cc      0x26c ./usb/host/usb_host_ehci.o
 .text.USB_HostEhciItdArrayInit
                0x60005a38      0x310 ./usb/host/usb_host_ehci.o
 .text.USB_HostEhciStartIP
                0x60005d48       0xb8 ./usb/host/usb_host_ehci.o
 .text.USB_HostEhciControlBus
                0x60005e00       0xd4 ./usb/host/usb_host_ehci.o
 .text.USB_HostEhciCreate
                0x60005ed4      0x440 ./usb/host/usb_host_ehci.o
                0x60005ed4                USB_HostEhciCreate
 .text.USB_HostEhciDestory
                0x60006314       0x74 ./usb/host/usb_host_ehci.o
                0x60006314                USB_HostEhciDestory
 .text.USB_HostEhciOpenPipe
                0x60006388      0x20c ./usb/host/usb_host_ehci.o
                0x60006388                USB_HostEhciOpenPipe
 .text.USB_HostEhciClosePipe
                0x60006594       0xe8 ./usb/host/usb_host_ehci.o
                0x60006594                USB_HostEhciClosePipe
 .text.USB_HostEhciIoctl
                0x6000667c      0x14c ./usb/host/usb_host_ehci.o
                0x6000667c                USB_HostEhciIoctl
 .text.USB_HostEhciIsrFunction
                0x600067c8       0xc8 ./usb/host/usb_host_ehci.o
                0x600067c8                USB_HostEhciIsrFunction
 .text.USB_HostGetInstance
                0x60006890       0xf8 ./usb/host/usb_host_hci.o
 .text.USB_HostGetControllerInterface
                0x60006988       0x30 ./usb/host/usb_host_hci.o
 .text.USB_HostHelperGetPeripheralInformation
                0x600069b8      0x188 ./usb/host/usb_host_hci.o
                0x600069b8                USB_HostHelperGetPeripheralInformation
 .text.__NVIC_EnableIRQ
                0x60006b40       0x3c ./source/app.o
 .text.__NVIC_SetPriority
                0x60006b7c       0x54 ./source/app.o
 .text.USB_OTG1_IRQHandler
                0x60006bd0       0x18 ./source/app.o
                0x60006bd0                USB_OTG1_IRQHandler
 .text.USB_OTG2_IRQHandler
                0x60006be8       0x18 ./source/app.o
                0x60006be8                USB_OTG2_IRQHandler
 .text.USB_HostClockInit
                0x60006c00       0x48 ./source/app.o
                0x60006c00                USB_HostClockInit
 .text.USB_HostEvent
                0x60006c48       0x88 ./source/app.o
 .text.USB_HostApplicationInit
                0x60006cd0       0x5c ./source/app.o
 .text.main     0x60006d2c       0xa4 ./source/app.o
                0x60006d2c                main
 .text.USB_HostVideoControlCallback
                0x60006dd0       0x70 ./source/host_video.o
 .text.USB_HostVideoStreamDataInCallback
                0x60006e40      0x388 ./source/host_video.o
 .text.USB_HostVideoWriteSDCard
                0x600071c8      0x1ac ./source/host_video.o
 .text.USB_HostVideoTask
                0x60007374      0xddc ./source/host_video.o
                0x60007374                USB_HostVideoTask
 .text.USB_HostVideoEvent
                0x60008150      0x1a4 ./source/host_video.o
                0x60008150                USB_HostVideoEvent
 .text.USB_HostVideoAppSDcardInit
                0x600082f4       0xd4 ./source/host_video.o
                0x600082f4                USB_HostVideoAppSDcardInit
 .text.SD_SendApplicationCmd
                0x600083c8       0x30 ./sdmmc/src/fsl_sd.o
 .text.SD_GoIdle
                0x600083f8       0x2c ./sdmmc/src/fsl_sd.o
 .text.SD_SetBlockSize
                0x60008424       0x30 ./sdmmc/src/fsl_sd.o
 .text.SD_ExecuteTuning
                0x60008454       0x3c ./sdmmc/src/fsl_sd.o
 .text.SD_SwitchVoltage
                0x60008490      0x10c ./sdmmc/src/fsl_sd.o
 .text.SD_StopTransmission
                0x6000859c       0x80 ./sdmmc/src/fsl_sd.o
 .text.SD_Transfer
                0x6000861c       0xc8 ./sdmmc/src/fsl_sd.o
 .text.SD_SendCardStatus
                0x600086e4       0xac ./sdmmc/src/fsl_sd.o
 .text.SD_PollingCardStatusBusy
                0x60008790       0x7c ./sdmmc/src/fsl_sd.o
                0x60008790                SD_PollingCardStatusBusy
 .text.SD_SendWriteSuccessBlocks
                0x6000880c       0xf0 ./sdmmc/src/fsl_sd.o
 .text.SD_SendRca
                0x600088fc       0x74 ./sdmmc/src/fsl_sd.o
 .text.SD_SwitchFunction
                0x60008970       0xc8 ./sdmmc/src/fsl_sd.o
 .text.SD_DecodeScr
                0x60008a38      0x178 ./sdmmc/src/fsl_sd.o
 .text.SD_SendScr
                0x60008bb0       0xe0 ./sdmmc/src/fsl_sd.o
 .text.SD_SelectFunction
                0x60008c90      0x184 ./sdmmc/src/fsl_sd.o
 .text.SD_SetDataBusWidth
                0x60008e14       0x9c ./sdmmc/src/fsl_sd.o
 .text.SD_DecodeCsd
                0x60008eb0      0x374 ./sdmmc/src/fsl_sd.o
 .text.SD_SendCsd
                0x60009224       0x98 ./sdmmc/src/fsl_sd.o
 .text.SD_DecodeCid
                0x600092bc       0xd4 ./sdmmc/src/fsl_sd.o
 .text.SD_AllSendCid
                0x60009390       0x94 ./sdmmc/src/fsl_sd.o
 .text.SD_ApplicationSendOperationCondition
                0x60009424       0xdc ./sdmmc/src/fsl_sd.o
 .text.SD_SendInterfaceCondition
                0x60009500       0x98 ./sdmmc/src/fsl_sd.o
 .text.SD_SelectBusTiming
                0x60009598      0x268 ./sdmmc/src/fsl_sd.o
 .text.SD_DecodeStatus
                0x60009800      0x114 ./sdmmc/src/fsl_sd.o
 .text.SD_ReadStatus
                0x60009914       0xfc ./sdmmc/src/fsl_sd.o
                0x60009914                SD_ReadStatus
 .text.SD_SelectCard
                0x60009a10       0x38 ./sdmmc/src/fsl_sd.o
                0x60009a10                SD_SelectCard
 .text.SD_Read  0x60009a48      0x14c ./sdmmc/src/fsl_sd.o
 .text.SD_Write
                0x60009b94      0x164 ./sdmmc/src/fsl_sd.o
 .text.SD_ReadBlocks
                0x60009cf8      0x188 ./sdmmc/src/fsl_sd.o
                0x60009cf8                SD_ReadBlocks
 .text.SD_WriteBlocks
                0x60009e80      0x184 ./sdmmc/src/fsl_sd.o
                0x60009e80                SD_WriteBlocks
 .text.SD_ProbeBusVoltage
                0x6000a004      0x164 ./sdmmc/src/fsl_sd.o
 .text.sdcard_init
                0x6000a168      0x160 ./sdmmc/src/fsl_sd.o
 .text.SD_CardInit
                0x6000a2c8       0x60 ./sdmmc/src/fsl_sd.o
                0x6000a2c8                SD_CardInit
 .text.SD_CardDeinit
                0x6000a328       0x54 ./sdmmc/src/fsl_sd.o
                0x6000a328                SD_CardDeinit
 .text.SD_HostInit
                0x6000a37c       0x8c ./sdmmc/src/fsl_sd.o
                0x6000a37c                SD_HostInit
 .text.SD_HostDeinit
                0x6000a408       0x34 ./sdmmc/src/fsl_sd.o
                0x6000a408                SD_HostDeinit
 .text.SD_SetCardPower
                0x6000a43c       0x80 ./sdmmc/src/fsl_sd.o
                0x6000a43c                SD_SetCardPower
 .text.SD_PollingCardInsert
                0x6000a4bc       0xcc ./sdmmc/src/fsl_sd.o
                0x6000a4bc                SD_PollingCardInsert
 .text.SD_Init  0x6000a588       0x84 ./sdmmc/src/fsl_sd.o
                0x6000a588                SD_Init
 .text.SDMMC_SelectCard
                0x6000a60c       0x84 ./sdmmc/src/fsl_sdmmc_common.o
                0x6000a60c                SDMMC_SelectCard
 .text.SDMMC_SendApplicationCommand
                0x6000a690       0x80 ./sdmmc/src/fsl_sdmmc_common.o
                0x6000a690                SDMMC_SendApplicationCommand
 .text.SDMMC_SetBlockSize
                0x6000a710       0x70 ./sdmmc/src/fsl_sdmmc_common.o
                0x6000a710                SDMMC_SetBlockSize
 .text.SDMMC_OSAEventCreate
                0x6000a780       0x30 ./sdmmc/osa/fsl_sdmmc_osa.o
                0x6000a780                SDMMC_OSAEventCreate
 .text.SDMMC_OSAEventWait
                0x6000a7b0       0x6c ./sdmmc/osa/fsl_sdmmc_osa.o
                0x6000a7b0                SDMMC_OSAEventWait
 .text.SDMMC_OSAEventSet
                0x6000a81c       0x50 ./sdmmc/osa/fsl_sdmmc_osa.o
                0x6000a81c                SDMMC_OSAEventSet
 .text.SDMMC_OSAEventGet
                0x6000a86c       0x40 ./sdmmc/osa/fsl_sdmmc_osa.o
                0x6000a86c                SDMMC_OSAEventGet
 .text.SDMMC_OSAEventClear
                0x6000a8ac       0x48 ./sdmmc/osa/fsl_sdmmc_osa.o
                0x6000a8ac                SDMMC_OSAEventClear
 .text.SDMMC_OSAEventDestroy
                0x6000a8f4       0x2c ./sdmmc/osa/fsl_sdmmc_osa.o
                0x6000a8f4                SDMMC_OSAEventDestroy
 .text.SDMMC_OSAMutexCreate
                0x6000a920       0x2c ./sdmmc/osa/fsl_sdmmc_osa.o
                0x6000a920                SDMMC_OSAMutexCreate
 .text.SDMMC_OSAMutexLock
                0x6000a94c       0x30 ./sdmmc/osa/fsl_sdmmc_osa.o
                0x6000a94c                SDMMC_OSAMutexLock
 .text.SDMMC_OSAMutexUnlock
                0x6000a97c       0x2c ./sdmmc/osa/fsl_sdmmc_osa.o
                0x6000a97c                SDMMC_OSAMutexUnlock
 .text.SDMMC_OSAMutexDestroy
                0x6000a9a8       0x2c ./sdmmc/osa/fsl_sdmmc_osa.o
                0x6000a9a8                SDMMC_OSAMutexDestroy
 .text.SDMMC_OSADelay
                0x6000a9d4       0x28 ./sdmmc/osa/fsl_sdmmc_osa.o
                0x6000a9d4                SDMMC_OSADelay
 .text.SDMMC_OSADelayUs
                0x6000a9fc       0x20 ./sdmmc/osa/fsl_sdmmc_osa.o
                0x6000a9fc                SDMMC_OSADelayUs
 .text.SDMMCHOST_CardDetectInit
                0x6000aa1c       0xac ./sdmmc/host/fsl_sdmmc_host.o
                0x6000aa1c                SDMMCHOST_CardDetectInit
 .text.SDMMCHOST_PollingCardDetectStatus
                0x6000aac8      0x110 ./sdmmc/host/fsl_sdmmc_host.o
                0x6000aac8                SDMMCHOST_PollingCardDetectStatus
 .text.SDMMCHOST_Init
                0x6000abd8      0x12c ./sdmmc/host/fsl_sdmmc_host.o
                0x6000abd8                SDMMCHOST_Init
 .text.SDMMCHOST_Reset
                0x6000ad04       0x70 ./sdmmc/host/fsl_sdmmc_host.o
                0x6000ad04                SDMMCHOST_Reset
 .text.pvPortMalloc
                0x6000ad74      0x1c0 ./freertos/freertos_kernel/portable/MemMang/heap_4.o
                0x6000ad74                pvPortMalloc
 .text.vPortFree
                0x6000af34       0xc4 ./freertos/freertos_kernel/portable/MemMang/heap_4.o
                0x6000af34                vPortFree
 .text.prvHeapInit
                0x6000aff8       0xc4 ./freertos/freertos_kernel/portable/MemMang/heap_4.o
 .text.prvInsertBlockIntoFreeList
                0x6000b0bc       0xb4 ./freertos/freertos_kernel/portable/MemMang/heap_4.o
 .text.pxPortInitialiseStack
                0x6000b170       0x68 ./freertos/freertos_kernel/portable/GCC/ARM_CM4F/port.o
                0x6000b170                pxPortInitialiseStack
 .text.prvTaskExitError
                0x6000b1d8       0x58 ./freertos/freertos_kernel/portable/GCC/ARM_CM4F/port.o
 .text.prvPortStartFirstTask
                0x6000b230       0x2c ./freertos/freertos_kernel/portable/GCC/ARM_CM4F/port.o
 .text.xPortStartScheduler
                0x6000b25c      0x144 ./freertos/freertos_kernel/portable/GCC/ARM_CM4F/port.o
                0x6000b25c                xPortStartScheduler
 .text.vPortEnterCritical
                0x6000b3a0       0x60 ./freertos/freertos_kernel/portable/GCC/ARM_CM4F/port.o
                0x6000b3a0                vPortEnterCritical
 .text.vPortExitCritical
                0x6000b400       0x54 ./freertos/freertos_kernel/portable/GCC/ARM_CM4F/port.o
                0x6000b400                vPortExitCritical
 .text.SysTick_Handler
                0x6000b454       0x44 ./freertos/freertos_kernel/portable/GCC/ARM_CM4F/port.o
                0x6000b454                SysTick_Handler
 .text.vPortSetupTimerInterrupt
                0x6000b498       0x48 ./freertos/freertos_kernel/portable/GCC/ARM_CM4F/port.o
                0x6000b498                vPortSetupTimerInterrupt
 .text.vPortEnableVFP
                0x6000b4e0       0x18 ./freertos/freertos_kernel/portable/GCC/ARM_CM4F/port.o
 .text.vPortValidateInterruptPriority
                0x6000b4f8       0x80 ./freertos/freertos_kernel/portable/GCC/ARM_CM4F/port.o
                0x6000b4f8                vPortValidateInterruptPriority
 .text.xEventGroupWaitBits
                0x6000b578      0x19c ./freertos/freertos_kernel/event_groups.o
                0x6000b578                xEventGroupWaitBits
 .text.xEventGroupSetBitsFromISR
                0x6000b714       0x28 ./freertos/freertos_kernel/event_groups.o
                0x6000b714                xEventGroupSetBitsFromISR
 .text.xQueueGenericReset
                0x6000b73c       0xd0 ./freertos/freertos_kernel/queue.o
                0x6000b73c                xQueueGenericReset
 .text.xQueueGenericSend
                0x6000b80c      0x1fc ./freertos/freertos_kernel/queue.o
                0x6000b80c                xQueueGenericSend
 .text.xQueueReceive
                0x6000ba08      0x1c0 ./freertos/freertos_kernel/queue.o
                0x6000ba08                xQueueReceive
 .text.xQueueSemaphoreTake
                0x6000bbc8      0x21c ./freertos/freertos_kernel/queue.o
                0x6000bbc8                xQueueSemaphoreTake
 .text.vQueueAddToRegistry
                0x6000bde4       0x54 ./freertos/freertos_kernel/queue.o
                0x6000bde4                vQueueAddToRegistry
 .text.vQueueUnregisterQueue
                0x6000be38       0x54 ./freertos/freertos_kernel/queue.o
                0x6000be38                vQueueUnregisterQueue
 .text.prvAddNewTaskToReadyList
                0x6000be8c       0xdc ./freertos/freertos_kernel/tasks.o
 .text.vTaskStartScheduler
                0x6000bf68       0xa4 ./freertos/freertos_kernel/tasks.o
                0x6000bf68                vTaskStartScheduler
 .text.vTaskSuspendAll
                0x6000c00c       0x1c ./freertos/freertos_kernel/tasks.o
                0x6000c00c                vTaskSuspendAll
 .text.xTaskResumeAll
                0x6000c028      0x138 ./freertos/freertos_kernel/tasks.o
                0x6000c028                xTaskResumeAll
 .text.xTaskGetTickCount
                0x6000c160       0x20 ./freertos/freertos_kernel/tasks.o
                0x6000c160                xTaskGetTickCount
 .text.xTaskIncrementTick
                0x6000c180      0x170 ./freertos/freertos_kernel/tasks.o
                0x6000c180                xTaskIncrementTick
 .text.vTaskSwitchContext
                0x6000c2f0       0xb8 ./freertos/freertos_kernel/tasks.o
                0x6000c2f0                vTaskSwitchContext
 .text.vTaskPlaceOnEventList
                0x6000c3a8       0x48 ./freertos/freertos_kernel/tasks.o
                0x6000c3a8                vTaskPlaceOnEventList
 .text.vTaskPlaceOnUnorderedEventList
                0x6000c3f0       0x78 ./freertos/freertos_kernel/tasks.o
                0x6000c3f0                vTaskPlaceOnUnorderedEventList
 .text.vTaskPlaceOnEventListRestricted
                0x6000c468       0x58 ./freertos/freertos_kernel/tasks.o
                0x6000c468                vTaskPlaceOnEventListRestricted
 .text.xTaskRemoveFromEventList
                0x6000c4c0       0xc4 ./freertos/freertos_kernel/tasks.o
                0x6000c4c0                xTaskRemoveFromEventList
 .text.vTaskRemoveFromUnorderedEventList
                0x6000c584       0xc4 ./freertos/freertos_kernel/tasks.o
                0x6000c584                vTaskRemoveFromUnorderedEventList
 .text.vTaskInternalSetTimeOutState
                0x6000c648       0x2c ./freertos/freertos_kernel/tasks.o
                0x6000c648                vTaskInternalSetTimeOutState
 .text.xTaskCheckForTimeOut
                0x6000c674       0xcc ./freertos/freertos_kernel/tasks.o
                0x6000c674                xTaskCheckForTimeOut
 .text.vTaskMissedYield
                0x6000c740       0x18 ./freertos/freertos_kernel/tasks.o
                0x6000c740                vTaskMissedYield
 .text.prvIdleTask
                0x6000c758       0x30 ./freertos/freertos_kernel/tasks.o
 .text.prvInitialiseTaskLists
                0x6000c788       0x80 ./freertos/freertos_kernel/tasks.o
 .text.prvCheckTasksWaitingTermination
                0x6000c808       0x5c ./freertos/freertos_kernel/tasks.o
 .text.prvResetNextTaskUnblockTime
                0x6000c864       0x38 ./freertos/freertos_kernel/tasks.o
 .text.xTaskGetCurrentTaskHandle
                0x6000c89c       0x20 ./freertos/freertos_kernel/tasks.o
                0x6000c89c                xTaskGetCurrentTaskHandle
 .text.xTaskGetSchedulerState
                0x6000c8bc       0x3c ./freertos/freertos_kernel/tasks.o
                0x6000c8bc                xTaskGetSchedulerState
 .text.xTaskPriorityInherit
                0x6000c8f8       0xec ./freertos/freertos_kernel/tasks.o
                0x6000c8f8                xTaskPriorityInherit
 .text.xTaskPriorityDisinherit
                0x6000c9e4       0xf4 ./freertos/freertos_kernel/tasks.o
                0x6000c9e4                xTaskPriorityDisinherit
 .text.vTaskPriorityDisinheritAfterTimeout
                0x6000cad8      0x11c ./freertos/freertos_kernel/tasks.o
                0x6000cad8                vTaskPriorityDisinheritAfterTimeout
 .text.uxTaskResetEventItemValue
                0x6000cbf4       0x30 ./freertos/freertos_kernel/tasks.o
                0x6000cbf4                uxTaskResetEventItemValue
 .text.pvTaskIncrementMutexHeldCount
                0x6000cc24       0x28 ./freertos/freertos_kernel/tasks.o
                0x6000cc24                pvTaskIncrementMutexHeldCount
 .text.prvAddCurrentTaskToDelayedList
                0x6000cc4c       0xcc ./freertos/freertos_kernel/tasks.o
 .text.xTimerCreateTimerTask
                0x6000cd18       0x64 ./freertos/freertos_kernel/timers.o
                0x6000cd18                xTimerCreateTimerTask
 .text.xTimerGenericCommand
                0x6000cd7c       0x9c ./freertos/freertos_kernel/timers.o
                0x6000cd7c                xTimerGenericCommand
 .text.prvProcessExpiredTimer
                0x6000ce18       0x98 ./freertos/freertos_kernel/timers.o
 .text.prvProcessTimerOrBlockTask
                0x6000ceb0       0x9c ./freertos/freertos_kernel/timers.o
 .text.prvGetNextExpireTime
                0x6000cf4c       0x48 ./freertos/freertos_kernel/timers.o
 .text.prvSampleTimeNow
                0x6000cf94       0x40 ./freertos/freertos_kernel/timers.o
 .text.prvInsertTimerInActiveList
                0x6000cfd4       0x84 ./freertos/freertos_kernel/timers.o
 .text.prvProcessReceivedCommands
                0x6000d058      0x1c4 ./freertos/freertos_kernel/timers.o
 .text.prvSwitchTimerLists
                0x6000d21c       0xc8 ./freertos/freertos_kernel/timers.o
 .text.prvCheckForValidListAndQueue
                0x6000d2e4       0x6c ./freertos/freertos_kernel/timers.o
 .text.xTimerPendFunctionCallFromISR
                0x6000d350       0x40 ./freertos/freertos_kernel/timers.o
                0x6000d350                xTimerPendFunctionCallFromISR
 .text.sd_disk_write
                0x6000d390       0x40 ./fatfs/source/fsl_sd_disk/fsl_sd_disk.o
                0x6000d390                sd_disk_write
 .text.sd_disk_read
                0x6000d3d0       0x40 ./fatfs/source/fsl_sd_disk/fsl_sd_disk.o
                0x6000d3d0                sd_disk_read
 .text.sd_disk_ioctl
                0x6000d410       0xa4 ./fatfs/source/fsl_sd_disk/fsl_sd_disk.o
                0x6000d410                sd_disk_ioctl
 .text.sd_disk_initialize
                0x6000d4b4       0x5c ./fatfs/source/fsl_sd_disk/fsl_sd_disk.o
                0x6000d4b4                sd_disk_initialize
 .text.sync_fs  0x6000d510       0xdc ./fatfs/source/ff.o
 .text.create_name
                0x6000d5ec      0x20c ./fatfs/source/ff.o
 .text.get_ldnumber
                0x6000d7f8       0x90 ./fatfs/source/ff.o
 .text.check_fs
                0x6000d888      0x148 ./fatfs/source/ff.o
 .text.mount_volume
                0x6000d9d0      0x404 ./fatfs/source/ff.o
 .text.f_mount  0x6000ddd4       0x80 ./fatfs/source/ff.o
                0x6000ddd4                f_mount
 .text.f_open   0x6000de54      0x314 ./fatfs/source/ff.o
                0x6000de54                f_open
 .text.f_sync   0x6000e168      0x100 ./fatfs/source/ff.o
                0x6000e168                f_sync
 .text.L1CACHE_InvalidateDCacheByRange
                0x6000e268       0x68 ./drivers/fsl_cache.o
 .text.L1CACHE_CleanDCacheByRange
                0x6000e2d0       0x68 ./drivers/fsl_cache.o
 .text.CLOCK_GetOscFreq
                0x6000e338       0x30 ./drivers/fsl_clock.o
 .text.CLOCK_InitExternalClk
                0x6000e368       0x6c ./drivers/fsl_clock.o
                0x6000e368                CLOCK_InitExternalClk
 .text.CLOCK_SwitchOsc
                0x6000e3d4       0x34 ./drivers/fsl_clock.o
                0x6000e3d4                CLOCK_SwitchOsc
 .text.CLOCK_InitRcOsc24M
                0x6000e408       0x24 ./drivers/fsl_clock.o
                0x6000e408                CLOCK_InitRcOsc24M
 .text.CLOCK_EnableUsbhs0Clock
                0x6000e42c       0x7c ./drivers/fsl_clock.o
                0x6000e42c                CLOCK_EnableUsbhs0Clock
 .text.CLOCK_EnableUsbhs0PhyPllClock
                0x6000e4a8       0x6c ./drivers/fsl_clock.o
                0x6000e4a8                CLOCK_EnableUsbhs0PhyPllClock
 .text.CLOCK_InitArmPll
                0x6000e514       0x68 ./drivers/fsl_clock.o
                0x6000e514                CLOCK_InitArmPll
 .text.CLOCK_InitSysPll
                0x6000e57c       0x9c ./drivers/fsl_clock.o
                0x6000e57c                CLOCK_InitSysPll
 .text.CLOCK_InitUsb1Pll
                0x6000e618       0x68 ./drivers/fsl_clock.o
                0x6000e618                CLOCK_InitUsb1Pll
 .text.CLOCK_DeinitUsb2Pll
                0x6000e680       0x18 ./drivers/fsl_clock.o
                0x6000e680                CLOCK_DeinitUsb2Pll
 .text.CLOCK_DeinitAudioPll
                0x6000e698       0x1c ./drivers/fsl_clock.o
                0x6000e698                CLOCK_DeinitAudioPll
 .text.CLOCK_DeinitEnetPll
                0x6000e6b4       0x1c ./drivers/fsl_clock.o
                0x6000e6b4                CLOCK_DeinitEnetPll
 .text.CLOCK_GetPllFreq
                0x6000e6d0      0x3a8 ./drivers/fsl_clock.o
                0x6000e6d0                CLOCK_GetPllFreq
 .text.CLOCK_InitSysPfd
                0x6000ea78       0x64 ./drivers/fsl_clock.o
                0x6000ea78                CLOCK_InitSysPfd
 .text.SDK_DelayAtLeastUs
                0x6000eadc       0x94 ./drivers/fsl_common_arm.o
                0x6000eadc                SDK_DelayAtLeastUs
 .text.CLOCK_ControlGate
                0x6000eb70       0x60 ./drivers/fsl_gpio.o
 .text.GPIO_GetInstance
                0x6000ebd0       0x4c ./drivers/fsl_gpio.o
 .text.GPIO_PinInit
                0x6000ec1c       0xa4 ./drivers/fsl_gpio.o
                0x6000ec1c                GPIO_PinInit
 .text.GPIO_PinWrite
                0x6000ecc0       0x48 ./drivers/fsl_gpio.o
                0x6000ecc0                GPIO_PinWrite
 .text.GPIO_PinSetInterruptConfig
                0x6000ed08       0xfc ./drivers/fsl_gpio.o
                0x6000ed08                GPIO_PinSetInterruptConfig
 .text.CLOCK_ControlGate
                0x6000ee04       0x60 ./drivers/fsl_lpuart.o
 .text.LPUART_GetInstance
                0x6000ee64       0x4c ./drivers/fsl_lpuart.o
                0x6000ee64                LPUART_GetInstance
 .text.LPUART_Init
                0x6000eeb0      0x310 ./drivers/fsl_lpuart.o
                0x6000eeb0                LPUART_Init
 .text.LPUART_GetDefaultConfig
                0x6000f1c0       0x88 ./drivers/fsl_lpuart.o
                0x6000f1c0                LPUART_GetDefaultConfig
 .text.LPUART_WriteBlocking
                0x6000f248       0x68 ./drivers/fsl_lpuart.o
                0x6000f248                LPUART_WriteBlocking
 .text.LPUART1_DriverIRQHandler
                0x6000f2b0       0x28 ./drivers/fsl_lpuart.o
                0x6000f2b0                LPUART1_DriverIRQHandler
 .text.LPUART2_DriverIRQHandler
                0x6000f2d8       0x28 ./drivers/fsl_lpuart.o
                0x6000f2d8                LPUART2_DriverIRQHandler
 .text.LPUART3_DriverIRQHandler
                0x6000f300       0x28 ./drivers/fsl_lpuart.o
                0x6000f300                LPUART3_DriverIRQHandler
 .text.LPUART4_DriverIRQHandler
                0x6000f328       0x28 ./drivers/fsl_lpuart.o
                0x6000f328                LPUART4_DriverIRQHandler
 .text.LPUART5_DriverIRQHandler
                0x6000f350       0x28 ./drivers/fsl_lpuart.o
                0x6000f350                LPUART5_DriverIRQHandler
 .text.LPUART6_DriverIRQHandler
                0x6000f378       0x28 ./drivers/fsl_lpuart.o
                0x6000f378                LPUART6_DriverIRQHandler
 .text.LPUART7_DriverIRQHandler
                0x6000f3a0       0x28 ./drivers/fsl_lpuart.o
                0x6000f3a0                LPUART7_DriverIRQHandler
 .text.LPUART8_DriverIRQHandler
                0x6000f3c8       0x28 ./drivers/fsl_lpuart.o
                0x6000f3c8                LPUART8_DriverIRQHandler
 .text.__NVIC_EnableIRQ
                0x6000f3f0       0x3c ./drivers/fsl_usdhc.o
 .text.CLOCK_ControlGate
                0x6000f42c       0x60 ./drivers/fsl_usdhc.o
 .text.USDHC_GetInstance
                0x6000f48c       0x48 ./drivers/fsl_usdhc.o
 .text.USDHC_ReceiveCommandResponse
                0x6000f4d4       0xc0 ./drivers/fsl_usdhc.o
 .text.USDHC_SendCommand
                0x6000f594      0x108 ./drivers/fsl_usdhc.o
                0x6000f594                USDHC_SendCommand
 .text.USDHC_Init
                0x6000f69c      0x13c ./drivers/fsl_usdhc.o
                0x6000f69c                USDHC_Init
 .text.USDHC_Deinit
                0x6000f7d8       0x28 ./drivers/fsl_usdhc.o
                0x6000f7d8                USDHC_Deinit
 .text.USDHC_SetSdClock
                0x6000f800      0x198 ./drivers/fsl_usdhc.o
                0x6000f800                USDHC_SetSdClock
 .text.USDHC_SetADMA1Descriptor
                0x6000f998      0x180 ./drivers/fsl_usdhc.o
                0x6000f998                USDHC_SetADMA1Descriptor
 .text.USDHC_SetADMA2Descriptor
                0x6000fb18      0x1dc ./drivers/fsl_usdhc.o
                0x6000fb18                USDHC_SetADMA2Descriptor
 .text.USDHC_SetInternalDmaConfig
                0x6000fcf4       0xd0 ./drivers/fsl_usdhc.o
                0x6000fcf4                USDHC_SetInternalDmaConfig
 .text.USDHC_SetAdmaTableConfig
                0x6000fdc4      0x104 ./drivers/fsl_usdhc.o
                0x6000fdc4                USDHC_SetAdmaTableConfig
 .text.USDHC_TransferNonBlocking
                0x6000fec8      0x204 ./drivers/fsl_usdhc.o
                0x6000fec8                USDHC_TransferNonBlocking
 .text.USDHC_SetTuningDelay
                0x600100cc       0x94 ./drivers/fsl_usdhc.o
                0x600100cc                USDHC_SetTuningDelay
 .text.USDHC_EnableStandardTuning
                0x60010160       0x90 ./drivers/fsl_usdhc.o
                0x60010160                USDHC_EnableStandardTuning
 .text.USDHC_TransferHandleCommand
                0x600101f0       0xa8 ./drivers/fsl_usdhc.o
 .text.USDHC_TransferHandleData
                0x60010298      0x114 ./drivers/fsl_usdhc.o
 .text.USDHC_TransferHandleReTuning
                0x600103ac       0x40 ./drivers/fsl_usdhc.o
 .text.USDHC_TransferCreateHandle
                0x600103ec       0xb0 ./drivers/fsl_usdhc.o
                0x600103ec                USDHC_TransferCreateHandle
 .text.USDHC_TransferHandleIRQ
                0x6001049c       0xb4 ./drivers/fsl_usdhc.o
                0x6001049c                USDHC_TransferHandleIRQ
 .text.USDHC1_DriverIRQHandler
                0x60010550       0x28 ./drivers/fsl_usdhc.o
                0x60010550                USDHC1_DriverIRQHandler
 .text.USDHC2_DriverIRQHandler
                0x60010578       0x28 ./drivers/fsl_usdhc.o
                0x60010578                USDHC2_DriverIRQHandler
 .text.SystemInit
                0x600105a0      0x144 ./device/system_MIMXRT1052.o
                0x600105a0                SystemInit
 .text.HAL_UartInitCommon
                0x600106e4       0xac ./component/uart/fsl_adapter_lpuart.o
 .text.HAL_UartInit
                0x60010790       0x84 ./component/uart/fsl_adapter_lpuart.o
                0x60010790                HAL_UartInit
 .text.HAL_UartSendBlocking
                0x60010814       0x64 ./component/uart/fsl_adapter_lpuart.o
                0x60010814                HAL_UartSendBlocking
 .text.OSA_SemaphoreCreate
                0x60010878       0x44 ./component/osa/fsl_os_abstraction_free_rtos.o
                0x60010878                OSA_SemaphoreCreate
 .text.OSA_SemaphoreDestroy
                0x600108bc       0x30 ./component/osa/fsl_os_abstraction_free_rtos.o
                0x600108bc                OSA_SemaphoreDestroy
 .text.OSA_SemaphoreWait
                0x600108ec       0x68 ./component/osa/fsl_os_abstraction_free_rtos.o
                0x600108ec                OSA_SemaphoreWait
 .text.OSA_SemaphorePost
                0x60010954       0x98 ./component/osa/fsl_os_abstraction_free_rtos.o
                0x60010954                OSA_SemaphorePost
 .text.OSA_MutexCreate
                0x600109ec       0x40 ./component/osa/fsl_os_abstraction_free_rtos.o
                0x600109ec                OSA_MutexCreate
 .text.OSA_MutexLock
                0x60010a2c       0x68 ./component/osa/fsl_os_abstraction_free_rtos.o
                0x60010a2c                OSA_MutexLock
 .text.OSA_MutexUnlock
                0x60010a94       0x3c ./component/osa/fsl_os_abstraction_free_rtos.o
                0x60010a94                OSA_MutexUnlock
 .text.OSA_MutexDestroy
                0x60010ad0       0x30 ./component/osa/fsl_os_abstraction_free_rtos.o
                0x60010ad0                OSA_MutexDestroy
 .text.OSA_EventCreate
                0x60010b00       0x48 ./component/osa/fsl_os_abstraction_free_rtos.o
                0x60010b00                OSA_EventCreate
 .text.OSA_EventSet
                0x60010b48       0x90 ./component/osa/fsl_os_abstraction_free_rtos.o
                0x60010b48                OSA_EventSet
 .text.OSA_EventWait
                0x60010bd8       0xa0 ./component/osa/fsl_os_abstraction_free_rtos.o
                0x60010bd8                OSA_EventWait
 .text.OSA_EventDestroy
                0x60010c78       0x40 ./component/osa/fsl_os_abstraction_free_rtos.o
                0x60010c78                OSA_EventDestroy
 .text.ARM_MPU_Enable
                0x60010cb8       0x40 ./board/board.o
 .text.ARM_MPU_Disable
                0x60010cf8       0x34 ./board/board.o
 .text.CLOCK_GetMux
                0x60010d2c       0x44 ./board/board.o
 .text.CLOCK_GetDiv
                0x60010d70       0x44 ./board/board.o
 .text.CLOCK_GetOscFreq
                0x60010db4       0x30 ./board/board.o
 .text.BOARD_DebugConsoleSrcFreq
                0x60010de4       0x64 ./board/board.o
                0x60010de4                BOARD_DebugConsoleSrcFreq
 .text.BOARD_ConfigMPU
                0x60010e48      0x324 ./board/board.o
                0x60010e48                BOARD_ConfigMPU
 .text.CLOCK_SetMux
                0x6001116c       0x9c ./board/clock_config.o
 .text.CLOCK_SetDiv
                0x60011208       0x9c ./board/clock_config.o
 .text.CLOCK_ControlGate
                0x600112a4       0x60 ./board/clock_config.o
 .text.CLOCK_SetXtalFreq
                0x60011304       0x20 ./board/clock_config.o
 .text.CLOCK_SetRtcXtalFreq
                0x60011324       0x20 ./board/clock_config.o
 .text.IOMUXC_EnableMode
                0x60011344       0x48 ./board/clock_config.o
 .text.IOMUXC_MQSConfig
                0x6001138c       0x44 ./board/clock_config.o
 .text.BOARD_BootClockRUN
                0x600113d0      0x620 ./board/clock_config.o
                0x600113d0                BOARD_BootClockRUN
 .text.CLOCK_ControlGate
                0x600119f0       0x60 ./board/pin_mux.o
 .text.BOARD_InitPins
                0x60011a50      0x268 ./board/pin_mux.o
                0x60011a50                BOARD_InitPins
 .text.__NVIC_EnableIRQ
                0x60011cb8       0x3c ./board/sdmmc_config.o
 .text.__NVIC_SetPriority
                0x60011cf4       0x54 ./board/sdmmc_config.o
 .text.CLOCK_SetMux
                0x60011d48       0x9c ./board/sdmmc_config.o
 .text.CLOCK_SetDiv
                0x60011de4       0x9c ./board/sdmmc_config.o
 .text.GPIO_PinRead
                0x60011e80       0x30 ./board/sdmmc_config.o
 .text.BOARD_USDHC1ClockConfiguration
                0x60011eb0       0x38 ./board/sdmmc_config.o
                0x60011eb0                BOARD_USDHC1ClockConfiguration
 .text.BOARD_SDCardGetDetectStatus
                0x60011ee8       0x20 ./board/sdmmc_config.o
                0x60011ee8                BOARD_SDCardGetDetectStatus
 .text.GPIO2_Combined_16_31_IRQHandler
                0x60011f08       0x48 ./board/sdmmc_config.o
                0x60011f08                GPIO2_Combined_16_31_IRQHandler
 .text.BOARD_SDCardDetectInit
                0x60011f50       0x94 ./board/sdmmc_config.o
                0x60011f50                BOARD_SDCardDetectInit
 .text.BOARD_SDCardPowerResetInit
                0x60011fe4       0x34 ./board/sdmmc_config.o
                0x60011fe4                BOARD_SDCardPowerResetInit
 .text.BOARD_SDCardPowerControl
                0x60012018       0x3c ./board/sdmmc_config.o
                0x60012018                BOARD_SDCardPowerControl
 .text.BOARD_SD_Pin_Config
                0x60012054      0x164 ./board/sdmmc_config.o
                0x60012054                BOARD_SD_Pin_Config
 .text.BOARD_SD_Config
                0x600121b8       0xa8 ./board/sdmmc_config.o
                0x600121b8                BOARD_SD_Config
 .text.malloc   0x60012260       0xc8 c:/nxp/mcuxpressoide_11.5.0_7232/ide/plugins/com.nxp.mcuxpresso.tools.win32_11.5.0.202107051138/tools/bin/../lib/gcc/arm-none-eabi/10.3.1/../../../../arm-none-eabi/lib/thumb/v7e-m+dp/hard\libcr_c.a(alloc.o)
                0x60012260                malloc
 .text._Csys_alloc
                0x60012328       0x20 c:/nxp/mcuxpressoide_11.5.0_7232/ide/plugins/com.nxp.mcuxpresso.tools.win32_11.5.0.202107051138/tools/bin/../lib/gcc/arm-none-eabi/10.3.1/../../../../arm-none-eabi/lib/thumb/v7e-m+dp/hard\libcr_c.a(alloc.o)
                0x60012328                _Csys_alloc
 .text._initio  0x60012348       0x78 c:/nxp/mcuxpressoide_11.5.0_7232/ide/plugins/com.nxp.mcuxpresso.tools.win32_11.5.0.202107051138/tools/bin/../lib/gcc/arm-none-eabi/10.3.1/../../../../arm-none-eabi/lib/thumb/v7e-m+dp/hard\libcr_c.a(initio.o)
                0x60012348                _initio
 .text.__vfprintf
                0x600123c0      0xbe8 c:/nxp/mcuxpressoide_11.5.0_7232/ide/plugins/com.nxp.mcuxpresso.tools.win32_11.5.0.202107051138/tools/bin/../lib/gcc/arm-none-eabi/10.3.1/../../../../arm-none-eabi/lib/thumb/v7e-m+dp/hard\libcr_c.a(printf.o)
                0x600123c0                __vfprintf
 .text._sprintf
                0x60012fa8       0x6c c:/nxp/mcuxpressoide_11.5.0_7232/ide/plugins/com.nxp.mcuxpresso.tools.win32_11.5.0.202107051138/tools/bin/../lib/gcc/arm-none-eabi/10.3.1/../../../../arm-none-eabi/lib/thumb/v7e-m+dp/hard\libcr_c.a(printf.o)
                0x60012fa8                _sprintf
 .text._sbrk    0x60013014       0x3c c:/nxp/mcuxpressoide_11.5.0_7232/ide/plugins/com.nxp.mcuxpresso.tools.win32_11.5.0.202107051138/tools/bin/../lib/gcc/arm-none-eabi/10.3.1/../../../../arm-none-eabi/lib/thumb/v7e-m+dp/hard\libcr_c.a(_cr_sbrk.o)
                0x60013014                _sbrk
 .text._Cwritebuf
                0x60013050       0x6c c:/nxp/mcuxpressoide_11.5.0_7232/ide/plugins/com.nxp.mcuxpresso.tools.win32_11.5.0.202107051138/tools/bin/../lib/gcc/arm-none-eabi/10.3.1/../../../../arm-none-eabi/lib/thumb/v7e-m+dp/hard\libcr_c.a(_writebuf.o)
                0x60013050                _Cwritebuf
 .text.fflush   0x600130bc       0x3c c:/nxp/mcuxpressoide_11.5.0_7232/ide/plugins/com.nxp.mcuxpresso.tools.win32_11.5.0.202107051138/tools/bin/../lib/gcc/arm-none-eabi/10.3.1/../../../../arm-none-eabi/lib/thumb/v7e-m+dp/hard\libcr_c.a(fflush.o)
                0x600130bc                fflush
 .text.fseek    0x600130f8       0xfc c:/nxp/mcuxpressoide_11.5.0_7232/ide/plugins/com.nxp.mcuxpresso.tools.win32_11.5.0.202107051138/tools/bin/../lib/gcc/arm-none-eabi/10.3.1/../../../../arm-none-eabi/lib/thumb/v7e-m+dp/hard\libcr_c.a(fseek.o)
                0x600130f8                fseek
 .text.ftell    0x600131f4       0x44 c:/nxp/mcuxpressoide_11.5.0_7232/ide/plugins/com.nxp.mcuxpresso.tools.win32_11.5.0.202107051138/tools/bin/../lib/gcc/arm-none-eabi/10.3.1/../../../../arm-none-eabi/lib/thumb/v7e-m+dp/hard\libcr_c.a(ftell.o)
                0x600131f4                ftell
 .text.__check_heap_overflow
                0x60013238       0x18 c:/nxp/mcuxpressoide_11.5.0_7232/ide/plugins/com.nxp.mcuxpresso.tools.win32_11.5.0.202107051138/tools/bin/../lib/gcc/arm-none-eabi/10.3.1/../../../../arm-none-eabi/lib/thumb/v7e-m+dp/hard\libcr_c.a(_cr_check_heap.o)
                0x60013238                __check_heap_overflow
 .text.DbgConsole_PrintCallback
                0x60013250       0x66 ./utilities/fsl_debug_console.o
 .text.DbgConsole_Printf
                0x600132b6       0x2c ./utilities/fsl_debug_console.o
                0x600132b6                DbgConsole_Printf
 .text.PrintGetWidth
                0x600132e2       0x6a ./utilities/fsl_str.o
 .text.PrintGetPrecision
                0x6001334c       0x8c ./utilities/fsl_str.o
 .text.PrintIsobpu
                0x600133d8       0x38 ./utilities/fsl_str.o
 .text.PrintIsdi
                0x60013410       0x2c ./utilities/fsl_str.o
 .text.PrintOutputdifFobpu
                0x6001343c       0x44 ./utilities/fsl_str.o
 .text.PrintOutputxX
                0x60013480       0x44 ./utilities/fsl_str.o
 .text.PrintIsfF
                0x600134c4       0x2c ./utilities/fsl_str.o
 .text.PrintIsxX
                0x600134f0       0x2c ./utilities/fsl_str.o
 .text.PrintFilterLengthFlag
                0x6001351c       0x3e ./utilities/fsl_str.o
 .text.PrintGetRadixFromobpu
                0x6001355a       0x40 ./utilities/fsl_str.o
 .text.ConvertRadixNumToString
                0x6001359a       0xc2 ./utilities/fsl_str.o
 .text.StrFormatPrintf
                0x6001365c      0x2ac ./utilities/fsl_str.o
                0x6001365c                StrFormatPrintf
 .text.USB_EhcihostPhyDisconnectDetectCmd
                0x60013908       0x4a ./usb/phy/usb_phy.o
                0x60013908                USB_EhcihostPhyDisconnectDetectCmd
 .text.USB_HostHubControlCallback
                0x60013952       0x48 ./usb/host/class/usb_host_hub.o
 .text.USB_HostHubInPipeCallback
                0x6001399a       0x42 ./usb/host/class/usb_host_hub.o
 .text.USB_HostHubInit
                0x600139dc       0x84 ./usb/host/class/usb_host_hub.o
                0x600139dc                USB_HostHubInit
 .text.USB_HostHubSetInterface
                0x60013a60      0x168 ./usb/host/class/usb_host_hub.o
                0x60013a60                USB_HostHubSetInterface
 .text.USB_HostHubDeinit
                0x60013bc8       0xa4 ./usb/host/class/usb_host_hub.o
                0x60013bc8                USB_HostHubDeinit
 .text.USB_HostHubGetDescriptor
                0x60013c6c       0x3a ./usb/host/class/usb_host_hub.o
                0x60013c6c                USB_HostHubGetDescriptor
 .text.USB_HostHubClearFeature
                0x60013ca6       0x3e ./usb/host/class/usb_host_hub.o
                0x60013ca6                USB_HostHubClearFeature
 .text.USB_HostHubGetStatus
                0x60013ce4       0x3a ./usb/host/class/usb_host_hub.o
                0x60013ce4                USB_HostHubGetStatus
 .text.USB_HostHubSetPortFeature
                0x60013d1e       0x42 ./usb/host/class/usb_host_hub.o
                0x60013d1e                USB_HostHubSetPortFeature
 .text.USB_HostHubClearPortFeature
                0x60013d60       0x42 ./usb/host/class/usb_host_hub.o
                0x60013d60                USB_HostHubClearPortFeature
 .text.USB_HostHubGetPortStatus
                0x60013da2       0x40 ./usb/host/class/usb_host_hub.o
                0x60013da2                USB_HostHubGetPortStatus
 .text.USB_HostHubProcessPort
                0x60013de2       0x3e ./usb/host/class/usb_host_hub_app.o
 .text.USB_HostHubControlCallback
                0x60013e20       0x92 ./usb/host/class/usb_host_hub_app.o
 .text.USB_HostHubInterruptInCallback
                0x60013eb2       0x70 ./usb/host/class/usb_host_hub_app.o
                0x60013eb2                USB_HostHubInterruptInCallback
 .text.USB_HostHubGetHsHubNumber
                0x60013f22       0x96 ./usb/host/class/usb_host_hub_app.o
                0x60013f22                USB_HostHubGetHsHubNumber
 .text.USB_HostHubGetHsHubPort
                0x60013fb8       0x9a ./usb/host/class/usb_host_hub_app.o
                0x60013fb8                USB_HostHubGetHsHubPort
 .text.USB_HostHubGetTotalThinkTime
                0x60014052       0x68 ./usb/host/class/usb_host_hub_app.o
                0x60014052                USB_HostHubGetTotalThinkTime
 .text.USB_HostVideoControlOpenInterface
                0x600140ba      0x10e ./usb/host/class/usb_host_video.o
 .text.USB_HostVideoStreamOpenInterface
                0x600141c8      0x12a ./usb/host/class/usb_host_video.o
 .text.USB_HostVideoSetControlInterfaceCallback
                0x600142f2       0x58 ./usb/host/class/usb_host_video.o
 .text.USB_HostVideoSetStreamInterfaceCallback
                0x6001434a       0x54 ./usb/host/class/usb_host_video.o
 .text.USB_HostVideoControlCommandCallback
                0x6001439e       0x42 ./usb/host/class/usb_host_video.o
 .text.USB_HostVideoStreamIsoInPipeCallback
                0x600143e0       0x42 ./usb/host/class/usb_host_video.o
 .text.USB_HostVideoInit
                0x60014422       0x72 ./usb/host/class/usb_host_video.o
                0x60014422                USB_HostVideoInit
 .text.USB_HostVideoDeinit
                0x60014494       0xe2 ./usb/host/class/usb_host_video.o
                0x60014494                USB_HostVideoDeinit
 .text.USB_HostVideoStreamGetFormatDescriptor
                0x60014576       0x7e ./usb/host/class/usb_host_video.o
                0x60014576                USB_HostVideoStreamGetFormatDescriptor
 .text.USB_HostVideoStreamGetFrameDescriptor
                0x600145f4       0xa0 ./usb/host/class/usb_host_video.o
                0x600145f4                USB_HostVideoStreamGetFrameDescriptor
 .text.USB_HostVideoSetProbe
                0x60014694       0x68 ./usb/host/class/usb_host_video.o
                0x60014694                USB_HostVideoSetProbe
 .text.USB_HostVideoGetProbe
                0x600146fc       0x68 ./usb/host/class/usb_host_video.o
                0x600146fc                USB_HostVideoGetProbe
 .text.USB_HostVideoSetCommit
                0x60014764       0x68 ./usb/host/class/usb_host_video.o
                0x60014764                USB_HostVideoSetCommit
 .text.USB_HostNotifyDevice
                0x600147cc       0xe6 ./usb/host/usb_host_devices.o
 .text.USB_HostAllocateDeviceAddress
                0x600148b2       0xa6 ./usb/host/usb_host_devices.o
 .text.USB_HostReleaseDeviceAddress
                0x60014958       0x62 ./usb/host/usb_host_devices.o
 .text.USB_HostRemoveDeviceInstance
                0x600149ba       0x76 ./usb/host/usb_host_devices.o
 .text.USB_HostReleaseDeviceResource
                0x60014a30       0xb6 ./usb/host/usb_host_devices.o
 .text.USB_HostParseDeviceConfigurationDescriptor
                0x60014ae6      0x43c ./usb/host/usb_host_devices.o
 .text.USB_HostAttachDevice
                0x60014f22      0x264 ./usb/host/usb_host_devices.o
                0x60014f22                USB_HostAttachDevice
 .text.USB_HostDetachDevice
                0x60015186       0x84 ./usb/host/usb_host_devices.o
                0x60015186                USB_HostDetachDevice
 .text.USB_HostDetachDeviceInternal
                0x6001520a       0x80 ./usb/host/usb_host_devices.o
                0x6001520a                USB_HostDetachDeviceInternal
 .text.USB_HostValidateDevice
                0x6001528a       0x4a ./usb/host/usb_host_devices.o
                0x6001528a                USB_HostValidateDevice
 .text.USB_HostControlBus
                0x600152d4       0x3e ./usb/host/usb_host_devices.o
 .text.USB_HostBandwidthFslsHostComputeCurrent
                0x60015312       0x78 ./usb/host/usb_host_ehci.o
 .text.USB_HostBandwidthHsHostComputeCurrentHsAll
                0x6001538a      0x1b2 ./usb/host/usb_host_ehci.o
 .text.USB_HostEhciGet2PowerValue
                0x6001553c       0x88 ./usb/host/usb_host_ehci.o
 .text.USB_HostEhciZeroMem
                0x600155c4       0x32 ./usb/host/usb_host_ehci.o
 .text.USB_HostEhciDelay
                0x600155f6       0x4a ./usb/host/usb_host_ehci.o
 .text.USB_HostEhciStartAsync
                0x60015640       0x80 ./usb/host/usb_host_ehci.o
 .text.USB_HostEhciStopAsync
                0x600156c0       0x66 ./usb/host/usb_host_ehci.o
 .text.USB_HostEhciStartPeriodic
                0x60015726       0x92 ./usb/host/usb_host_ehci.o
 .text.USB_HostEhciStopPeriodic
                0x600157b8       0x66 ./usb/host/usb_host_ehci.o
 .text.USB_HostEhciQtdListRelease
                0x6001581e       0xc6 ./usb/host/usb_host_ehci.o
 .text.USB_HostEhciQhQtdListDeinit
                0x600158e4      0x102 ./usb/host/usb_host_ehci.o
 .text.USB_HostEhciTransferQtdListDeinit
                0x600159e6      0x180 ./usb/host/usb_host_ehci.o
 .text.USB_HostEhciQhInit
                0x60015b66      0x1d6 ./usb/host/usb_host_ehci.o
 .text.USB_HostEhciQhDeinit
                0x60015d3c       0x4a ./usb/host/usb_host_ehci.o
 .text.USB_HostEhciAddQhToFrame
                0x60015d86       0x9e ./usb/host/usb_host_ehci.o
 .text.USB_HostEhciRemoveFromFrame
                0x60015e24       0x62 ./usb/host/usb_host_ehci.o
 .text.USB_HostEhciLinkSitd
                0x60015e86      0x1c2 ./usb/host/usb_host_ehci.o
 .text.USB_HostEhciSitdArrayRelease
                0x60016048       0x78 ./usb/host/usb_host_ehci.o
 .text.USB_HostEhciSitdArrayDeinit
                0x600160c0       0x82 ./usb/host/usb_host_ehci.o
 .text.USB_HostEhciGetItdLinkFrame
                0x60016142       0xf4 ./usb/host/usb_host_ehci.o
 .text.USB_HostEhciItdArrayRelease
                0x60016236       0x98 ./usb/host/usb_host_ehci.o
 .text.USB_HostEhciItdArrayDeinit
                0x600162ce       0x94 ./usb/host/usb_host_ehci.o
 .text.USB_HostEhciOpenControlBulk
                0x60016362       0x42 ./usb/host/usb_host_ehci.o
 .text.USB_HostEhciCloseControlBulk
                0x600163a4       0xcc ./usb/host/usb_host_ehci.o
 .text.USB_HostEhciOpenInterrupt
                0x60016470       0x8c ./usb/host/usb_host_ehci.o
 .text.USB_HostEhciCloseInterrupt
                0x600164fc       0x5e ./usb/host/usb_host_ehci.o
 .text.USB_HostEhciOpenIso
                0x6001655a       0x88 ./usb/host/usb_host_ehci.o
 .text.USB_HostEhciCloseIso
                0x600165e2       0x74 ./usb/host/usb_host_ehci.o
 .text.USB_HostEhciResetIP
                0x60016656       0x4e ./usb/host/usb_host_ehci.o
 .text.USB_HostEhciCancelPipe
                0x600166a4       0xcc ./usb/host/usb_host_ehci.o
 .text.USB_HostEhciTransactionDone
                0x60016770      0x3e6 ./usb/host/usb_host_ehci.o
                0x60016770                USB_HostEhciTransactionDone
 .text.USB_HostEhciPortChange
                0x60016b56      0x1d0 ./usb/host/usb_host_ehci.o
 .text.USB_HostEhciTimer0
                0x60016d26      0x1c2 ./usb/host/usb_host_ehci.o
 .text.USB_HostEhciWritePipe
                0x60016ee8       0x84 ./usb/host/usb_host_ehci.o
                0x60016ee8                USB_HostEhciWritePipe
 .text.USB_HostEhciReadpipe
                0x60016f6c       0x20 ./usb/host/usb_host_ehci.o
                0x60016f6c                USB_HostEhciReadpipe
 .text.USB_HostEhciTaskFunction
                0x60016f8c       0xf4 ./usb/host/usb_host_ehci.o
                0x60016f8c                USB_HostEhciTaskFunction
 .text.USB_HostCh9RequestCommon
                0x60017080       0x56 ./usb/host/usb_host_framework.o
                0x60017080                USB_HostCh9RequestCommon
 .text.USB_HostStandardSetAddress
                0x600170d6       0x32 ./usb/host/usb_host_framework.o
                0x600170d6                USB_HostStandardSetAddress
 .text.USB_HostStandardSetGetDescriptor
                0x60017108       0x50 ./usb/host/usb_host_framework.o
                0x60017108                USB_HostStandardSetGetDescriptor
 .text.USB_HostReleaseInstance
                0x60017158       0x2e ./usb/host/usb_host_hci.o
 .text.USB_HostInit
                0x60017186      0x168 ./usb/host/usb_host_hci.o
                0x60017186                USB_HostInit
 .text.USB_HostOpenPipe
                0x600172ee       0x44 ./usb/host/usb_host_hci.o
                0x600172ee                USB_HostOpenPipe
 .text.USB_HostClosePipe
                0x60017332       0x42 ./usb/host/usb_host_hci.o
                0x60017332                USB_HostClosePipe
 .text.USB_HostSendSetup
                0x60017374       0x94 ./usb/host/usb_host_hci.o
                0x60017374                USB_HostSendSetup
 .text.USB_HostRecv
                0x60017408       0x70 ./usb/host/usb_host_hci.o
                0x60017408                USB_HostRecv
 .text.USB_HostCancelTransfer
                0x60017478       0x4e ./usb/host/usb_host_hci.o
                0x60017478                USB_HostCancelTransfer
 .text.USB_HostMallocTransfer
                0x600174c6       0x76 ./usb/host/usb_host_hci.o
                0x600174c6                USB_HostMallocTransfer
 .text.USB_HostFreeTransfer
                0x6001753c       0x56 ./usb/host/usb_host_hci.o
                0x6001753c                USB_HostFreeTransfer
 .text.DMA0_DMA16_IRQHandler
                0x60017592        0x8 ./startup/startup_mimxrt1052.o
                0x60017592                DMA0_DMA16_IRQHandler
 .text.DMA1_DMA17_IRQHandler
                0x6001759a        0x8 ./startup/startup_mimxrt1052.o
                0x6001759a                DMA1_DMA17_IRQHandler
 .text.DMA2_DMA18_IRQHandler
                0x600175a2        0x8 ./startup/startup_mimxrt1052.o
                0x600175a2                DMA2_DMA18_IRQHandler
 .text.DMA3_DMA19_IRQHandler
                0x600175aa        0x8 ./startup/startup_mimxrt1052.o
                0x600175aa                DMA3_DMA19_IRQHandler
 .text.DMA4_DMA20_IRQHandler
                0x600175b2        0x8 ./startup/startup_mimxrt1052.o
                0x600175b2                DMA4_DMA20_IRQHandler
 .text.DMA5_DMA21_IRQHandler
                0x600175ba        0x8 ./startup/startup_mimxrt1052.o
                0x600175ba                DMA5_DMA21_IRQHandler
 .text.DMA6_DMA22_IRQHandler
                0x600175c2        0x8 ./startup/startup_mimxrt1052.o
                0x600175c2                DMA6_DMA22_IRQHandler
 .text.DMA7_DMA23_IRQHandler
                0x600175ca        0x8 ./startup/startup_mimxrt1052.o
                0x600175ca                DMA7_DMA23_IRQHandler
 .text.DMA8_DMA24_IRQHandler
                0x600175d2        0x8 ./startup/startup_mimxrt1052.o
                0x600175d2                DMA8_DMA24_IRQHandler
 .text.DMA9_DMA25_IRQHandler
                0x600175da        0x8 ./startup/startup_mimxrt1052.o
                0x600175da                DMA9_DMA25_IRQHandler
 .text.DMA10_DMA26_IRQHandler
                0x600175e2        0x8 ./startup/startup_mimxrt1052.o
                0x600175e2                DMA10_DMA26_IRQHandler
 .text.DMA11_DMA27_IRQHandler
                0x600175ea        0x8 ./startup/startup_mimxrt1052.o
                0x600175ea                DMA11_DMA27_IRQHandler
 .text.DMA12_DMA28_IRQHandler
                0x600175f2        0x8 ./startup/startup_mimxrt1052.o
                0x600175f2                DMA12_DMA28_IRQHandler
 .text.DMA13_DMA29_IRQHandler
                0x600175fa        0x8 ./startup/startup_mimxrt1052.o
                0x600175fa                DMA13_DMA29_IRQHandler
 .text.DMA14_DMA30_IRQHandler
                0x60017602        0x8 ./startup/startup_mimxrt1052.o
                0x60017602                DMA14_DMA30_IRQHandler
 .text.DMA15_DMA31_IRQHandler
                0x6001760a        0x8 ./startup/startup_mimxrt1052.o
                0x6001760a                DMA15_DMA31_IRQHandler
 .text.DMA_ERROR_IRQHandler
                0x60017612        0x8 ./startup/startup_mimxrt1052.o
                0x60017612                DMA_ERROR_IRQHandler
 .text.CTI0_ERROR_IRQHandler
                0x6001761a        0x8 ./startup/startup_mimxrt1052.o
                0x6001761a                CTI0_ERROR_IRQHandler
 .text.CTI1_ERROR_IRQHandler
                0x60017622        0x8 ./startup/startup_mimxrt1052.o
                0x60017622                CTI1_ERROR_IRQHandler
 .text.CORE_IRQHandler
                0x6001762a        0x8 ./startup/startup_mimxrt1052.o
                0x6001762a                CORE_IRQHandler
 .text.LPUART1_IRQHandler
                0x60017632        0x8 ./startup/startup_mimxrt1052.o
                0x60017632                LPUART1_IRQHandler
 .text.LPUART2_IRQHandler
                0x6001763a        0x8 ./startup/startup_mimxrt1052.o
                0x6001763a                LPUART2_IRQHandler
 .text.LPUART3_IRQHandler
                0x60017642        0x8 ./startup/startup_mimxrt1052.o
                0x60017642                LPUART3_IRQHandler
 .text.LPUART4_IRQHandler
                0x6001764a        0x8 ./startup/startup_mimxrt1052.o
                0x6001764a                LPUART4_IRQHandler
 .text.LPUART5_IRQHandler
                0x60017652        0x8 ./startup/startup_mimxrt1052.o
                0x60017652                LPUART5_IRQHandler
 .text.LPUART6_IRQHandler
                0x6001765a        0x8 ./startup/startup_mimxrt1052.o
                0x6001765a                LPUART6_IRQHandler
 .text.LPUART7_IRQHandler
                0x60017662        0x8 ./startup/startup_mimxrt1052.o
                0x60017662                LPUART7_IRQHandler
 .text.LPUART8_IRQHandler
                0x6001766a        0x8 ./startup/startup_mimxrt1052.o
                0x6001766a                LPUART8_IRQHandler
 .text.LPI2C1_IRQHandler
                0x60017672        0x8 ./startup/startup_mimxrt1052.o
                0x60017672                LPI2C1_IRQHandler
 .text.LPI2C2_IRQHandler
                0x6001767a        0x8 ./startup/startup_mimxrt1052.o
                0x6001767a                LPI2C2_IRQHandler
 .text.LPI2C3_IRQHandler
                0x60017682        0x8 ./startup/startup_mimxrt1052.o
                0x60017682                LPI2C3_IRQHandler
 .text.LPI2C4_IRQHandler
                0x6001768a        0x8 ./startup/startup_mimxrt1052.o
                0x6001768a                LPI2C4_IRQHandler
 .text.LPSPI1_IRQHandler
                0x60017692        0x8 ./startup/startup_mimxrt1052.o
                0x60017692                LPSPI1_IRQHandler
 .text.LPSPI2_IRQHandler
                0x6001769a        0x8 ./startup/startup_mimxrt1052.o
                0x6001769a                LPSPI2_IRQHandler
 .text.LPSPI3_IRQHandler
                0x600176a2        0x8 ./startup/startup_mimxrt1052.o
                0x600176a2                LPSPI3_IRQHandler
 .text.LPSPI4_IRQHandler
                0x600176aa        0x8 ./startup/startup_mimxrt1052.o
                0x600176aa                LPSPI4_IRQHandler
 .text.CAN1_IRQHandler
                0x600176b2        0x8 ./startup/startup_mimxrt1052.o
                0x600176b2                CAN1_IRQHandler
 .text.CAN2_IRQHandler
                0x600176ba        0x8 ./startup/startup_mimxrt1052.o
                0x600176ba                CAN2_IRQHandler
 .text.FLEXRAM_IRQHandler
                0x600176c2        0x8 ./startup/startup_mimxrt1052.o
                0x600176c2                FLEXRAM_IRQHandler
 .text.KPP_IRQHandler
                0x600176ca        0x8 ./startup/startup_mimxrt1052.o
                0x600176ca                KPP_IRQHandler
 .text.TSC_DIG_IRQHandler
                0x600176d2        0x8 ./startup/startup_mimxrt1052.o
                0x600176d2                TSC_DIG_IRQHandler
 .text.GPR_IRQ_IRQHandler
                0x600176da        0x8 ./startup/startup_mimxrt1052.o
                0x600176da                GPR_IRQ_IRQHandler
 .text.LCDIF_IRQHandler
                0x600176e2        0x8 ./startup/startup_mimxrt1052.o
                0x600176e2                LCDIF_IRQHandler
 .text.CSI_IRQHandler
                0x600176ea        0x8 ./startup/startup_mimxrt1052.o
                0x600176ea                CSI_IRQHandler
 .text.PXP_IRQHandler
                0x600176f2        0x8 ./startup/startup_mimxrt1052.o
                0x600176f2                PXP_IRQHandler
 .text.WDOG2_IRQHandler
                0x600176fa        0x8 ./startup/startup_mimxrt1052.o
                0x600176fa                WDOG2_IRQHandler
 .text.SNVS_HP_WRAPPER_IRQHandler
                0x60017702        0x8 ./startup/startup_mimxrt1052.o
                0x60017702                SNVS_HP_WRAPPER_IRQHandler
 .text.SNVS_HP_WRAPPER_TZ_IRQHandler
                0x6001770a        0x8 ./startup/startup_mimxrt1052.o
                0x6001770a                SNVS_HP_WRAPPER_TZ_IRQHandler
 .text.SNVS_LP_WRAPPER_IRQHandler
                0x60017712        0x8 ./startup/startup_mimxrt1052.o
                0x60017712                SNVS_LP_WRAPPER_IRQHandler
 .text.CSU_IRQHandler
                0x6001771a        0x8 ./startup/startup_mimxrt1052.o
                0x6001771a                CSU_IRQHandler
 .text.DCP_IRQHandler
                0x60017722        0x8 ./startup/startup_mimxrt1052.o
                0x60017722                DCP_IRQHandler
 .text.DCP_VMI_IRQHandler
                0x6001772a        0x8 ./startup/startup_mimxrt1052.o
                0x6001772a                DCP_VMI_IRQHandler
 .text.Reserved68_IRQHandler
                0x60017732        0x8 ./startup/startup_mimxrt1052.o
                0x60017732                Reserved68_IRQHandler
 .text.TRNG_IRQHandler
                0x6001773a        0x8 ./startup/startup_mimxrt1052.o
                0x6001773a                TRNG_IRQHandler
 .text.SJC_IRQHandler
                0x60017742        0x8 ./startup/startup_mimxrt1052.o
                0x60017742                SJC_IRQHandler
 .text.BEE_IRQHandler
                0x6001774a        0x8 ./startup/startup_mimxrt1052.o
                0x6001774a                BEE_IRQHandler
 .text.SAI1_IRQHandler
                0x60017752        0x8 ./startup/startup_mimxrt1052.o
                0x60017752                SAI1_IRQHandler
 .text.SAI2_IRQHandler
                0x6001775a        0x8 ./startup/startup_mimxrt1052.o
                0x6001775a                SAI2_IRQHandler
 .text.SAI3_RX_IRQHandler
                0x60017762        0x8 ./startup/startup_mimxrt1052.o
                0x60017762                SAI3_RX_IRQHandler
 .text.SAI3_TX_IRQHandler
                0x6001776a        0x8 ./startup/startup_mimxrt1052.o
                0x6001776a                SAI3_TX_IRQHandler
 .text.SPDIF_IRQHandler
                0x60017772        0x8 ./startup/startup_mimxrt1052.o
                0x60017772                SPDIF_IRQHandler
 .text.PMU_EVENT_IRQHandler
                0x6001777a        0x8 ./startup/startup_mimxrt1052.o
                0x6001777a                PMU_EVENT_IRQHandler
 .text.Reserved78_IRQHandler
                0x60017782        0x8 ./startup/startup_mimxrt1052.o
                0x60017782                Reserved78_IRQHandler
 .text.TEMP_LOW_HIGH_IRQHandler
                0x6001778a        0x8 ./startup/startup_mimxrt1052.o
                0x6001778a                TEMP_LOW_HIGH_IRQHandler
 .text.TEMP_PANIC_IRQHandler
                0x60017792        0x8 ./startup/startup_mimxrt1052.o
                0x60017792                TEMP_PANIC_IRQHandler
 .text.USB_PHY1_IRQHandler
                0x6001779a        0x8 ./startup/startup_mimxrt1052.o
                0x6001779a                USB_PHY1_IRQHandler
 .text.USB_PHY2_IRQHandler
                0x600177a2        0x8 ./startup/startup_mimxrt1052.o
                0x600177a2                USB_PHY2_IRQHandler
 .text.ADC1_IRQHandler
                0x600177aa        0x8 ./startup/startup_mimxrt1052.o
                0x600177aa                ADC1_IRQHandler
 .text.ADC2_IRQHandler
                0x600177b2        0x8 ./startup/startup_mimxrt1052.o
                0x600177b2                ADC2_IRQHandler
 .text.DCDC_IRQHandler
                0x600177ba        0x8 ./startup/startup_mimxrt1052.o
                0x600177ba                DCDC_IRQHandler
 .text.Reserved86_IRQHandler
                0x600177c2        0x8 ./startup/startup_mimxrt1052.o
                0x600177c2                Reserved86_IRQHandler
 .text.Reserved87_IRQHandler
                0x600177ca        0x8 ./startup/startup_mimxrt1052.o
                0x600177ca                Reserved87_IRQHandler
 .text.GPIO1_INT0_IRQHandler
                0x600177d2        0x8 ./startup/startup_mimxrt1052.o
                0x600177d2                GPIO1_INT0_IRQHandler
 .text.GPIO1_INT1_IRQHandler
                0x600177da        0x8 ./startup/startup_mimxrt1052.o
                0x600177da                GPIO1_INT1_IRQHandler
 .text.GPIO1_INT2_IRQHandler
                0x600177e2        0x8 ./startup/startup_mimxrt1052.o
                0x600177e2                GPIO1_INT2_IRQHandler
 .text.GPIO1_INT3_IRQHandler
                0x600177ea        0x8 ./startup/startup_mimxrt1052.o
                0x600177ea                GPIO1_INT3_IRQHandler
 .text.GPIO1_INT4_IRQHandler
                0x600177f2        0x8 ./startup/startup_mimxrt1052.o
                0x600177f2                GPIO1_INT4_IRQHandler
 .text.GPIO1_INT5_IRQHandler
                0x600177fa        0x8 ./startup/startup_mimxrt1052.o
                0x600177fa                GPIO1_INT5_IRQHandler
 .text.GPIO1_INT6_IRQHandler
                0x60017802        0x8 ./startup/startup_mimxrt1052.o
                0x60017802                GPIO1_INT6_IRQHandler
 .text.GPIO1_INT7_IRQHandler
                0x6001780a        0x8 ./startup/startup_mimxrt1052.o
                0x6001780a                GPIO1_INT7_IRQHandler
 .text.GPIO1_Combined_0_15_IRQHandler
                0x60017812        0x8 ./startup/startup_mimxrt1052.o
                0x60017812                GPIO1_Combined_0_15_IRQHandler
 .text.GPIO1_Combined_16_31_IRQHandler
                0x6001781a        0x8 ./startup/startup_mimxrt1052.o
                0x6001781a                GPIO1_Combined_16_31_IRQHandler
 .text.GPIO2_Combined_0_15_IRQHandler
                0x60017822        0x8 ./startup/startup_mimxrt1052.o
                0x60017822                GPIO2_Combined_0_15_IRQHandler
 .text.GPIO3_Combined_0_15_IRQHandler
                0x6001782a        0x8 ./startup/startup_mimxrt1052.o
                0x6001782a                GPIO3_Combined_0_15_IRQHandler
 .text.GPIO3_Combined_16_31_IRQHandler
                0x60017832        0x8 ./startup/startup_mimxrt1052.o
                0x60017832                GPIO3_Combined_16_31_IRQHandler
 .text.GPIO4_Combined_0_15_IRQHandler
                0x6001783a        0x8 ./startup/startup_mimxrt1052.o
                0x6001783a                GPIO4_Combined_0_15_IRQHandler
 .text.GPIO4_Combined_16_31_IRQHandler
                0x60017842        0x8 ./startup/startup_mimxrt1052.o
                0x60017842                GPIO4_Combined_16_31_IRQHandler
 .text.GPIO5_Combined_0_15_IRQHandler
                0x6001784a        0x8 ./startup/startup_mimxrt1052.o
                0x6001784a                GPIO5_Combined_0_15_IRQHandler
 .text.GPIO5_Combined_16_31_IRQHandler
                0x60017852        0x8 ./startup/startup_mimxrt1052.o
                0x60017852                GPIO5_Combined_16_31_IRQHandler
 .text.FLEXIO1_IRQHandler
                0x6001785a        0x8 ./startup/startup_mimxrt1052.o
                0x6001785a                FLEXIO1_IRQHandler
 .text.FLEXIO2_IRQHandler
                0x60017862        0x8 ./startup/startup_mimxrt1052.o
                0x60017862                FLEXIO2_IRQHandler
 .text.WDOG1_IRQHandler
                0x6001786a        0x8 ./startup/startup_mimxrt1052.o
                0x6001786a                WDOG1_IRQHandler
 .text.RTWDOG_IRQHandler
                0x60017872        0x8 ./startup/startup_mimxrt1052.o
                0x60017872                RTWDOG_IRQHandler
 .text.EWM_IRQHandler
                0x6001787a        0x8 ./startup/startup_mimxrt1052.o
                0x6001787a                EWM_IRQHandler
 .text.CCM_1_IRQHandler
                0x60017882        0x8 ./startup/startup_mimxrt1052.o
                0x60017882                CCM_1_IRQHandler
 .text.CCM_2_IRQHandler
                0x6001788a        0x8 ./startup/startup_mimxrt1052.o
                0x6001788a                CCM_2_IRQHandler
 .text.GPC_IRQHandler
                0x60017892        0x8 ./startup/startup_mimxrt1052.o
                0x60017892                GPC_IRQHandler
 .text.SRC_IRQHandler
                0x6001789a        0x8 ./startup/startup_mimxrt1052.o
                0x6001789a                SRC_IRQHandler
 .text.Reserved115_IRQHandler
                0x600178a2        0x8 ./startup/startup_mimxrt1052.o
                0x600178a2                Reserved115_IRQHandler
 .text.GPT1_IRQHandler
                0x600178aa        0x8 ./startup/startup_mimxrt1052.o
                0x600178aa                GPT1_IRQHandler
 .text.GPT2_IRQHandler
                0x600178b2        0x8 ./startup/startup_mimxrt1052.o
                0x600178b2                GPT2_IRQHandler
 .text.PWM1_0_IRQHandler
                0x600178ba        0x8 ./startup/startup_mimxrt1052.o
                0x600178ba                PWM1_0_IRQHandler
 .text.PWM1_1_IRQHandler
                0x600178c2        0x8 ./startup/startup_mimxrt1052.o
                0x600178c2                PWM1_1_IRQHandler
 .text.PWM1_2_IRQHandler
                0x600178ca        0x8 ./startup/startup_mimxrt1052.o
                0x600178ca                PWM1_2_IRQHandler
 .text.PWM1_3_IRQHandler
                0x600178d2        0x8 ./startup/startup_mimxrt1052.o
                0x600178d2                PWM1_3_IRQHandler
 .text.PWM1_FAULT_IRQHandler
                0x600178da        0x8 ./startup/startup_mimxrt1052.o
                0x600178da                PWM1_FAULT_IRQHandler
 .text.Reserved123_IRQHandler
                0x600178e2        0x8 ./startup/startup_mimxrt1052.o
                0x600178e2                Reserved123_IRQHandler
 .text.FLEXSPI_IRQHandler
                0x600178ea        0x8 ./startup/startup_mimxrt1052.o
                0x600178ea                FLEXSPI_IRQHandler
 .text.SEMC_IRQHandler
                0x600178f2        0x8 ./startup/startup_mimxrt1052.o
                0x600178f2                SEMC_IRQHandler
 .text.USDHC1_IRQHandler
                0x600178fa        0x8 ./startup/startup_mimxrt1052.o
                0x600178fa                USDHC1_IRQHandler
 .text.USDHC2_IRQHandler
                0x60017902        0x8 ./startup/startup_mimxrt1052.o
                0x60017902                USDHC2_IRQHandler
 .text.ENET_IRQHandler
                0x6001790a        0x8 ./startup/startup_mimxrt1052.o
                0x6001790a                ENET_IRQHandler
 .text.ENET_1588_Timer_IRQHandler
                0x60017912        0x8 ./startup/startup_mimxrt1052.o
                0x60017912                ENET_1588_Timer_IRQHandler
 .text.XBAR1_IRQ_0_1_IRQHandler
                0x6001791a        0x8 ./startup/startup_mimxrt1052.o
                0x6001791a                XBAR1_IRQ_0_1_IRQHandler
 .text.XBAR1_IRQ_2_3_IRQHandler
                0x60017922        0x8 ./startup/startup_mimxrt1052.o
                0x60017922                XBAR1_IRQ_2_3_IRQHandler
 .text.ADC_ETC_IRQ0_IRQHandler
                0x6001792a        0x8 ./startup/startup_mimxrt1052.o
                0x6001792a                ADC_ETC_IRQ0_IRQHandler
 .text.ADC_ETC_IRQ1_IRQHandler
                0x60017932        0x8 ./startup/startup_mimxrt1052.o
                0x60017932                ADC_ETC_IRQ1_IRQHandler
 .text.ADC_ETC_IRQ2_IRQHandler
                0x6001793a        0x8 ./startup/startup_mimxrt1052.o
                0x6001793a                ADC_ETC_IRQ2_IRQHandler
 .text.ADC_ETC_ERROR_IRQ_IRQHandler
                0x60017942        0x8 ./startup/startup_mimxrt1052.o
                0x60017942                ADC_ETC_ERROR_IRQ_IRQHandler
 .text.PIT_IRQHandler
                0x6001794a        0x8 ./startup/startup_mimxrt1052.o
                0x6001794a                PIT_IRQHandler
 .text.ACMP1_IRQHandler
                0x60017952        0x8 ./startup/startup_mimxrt1052.o
                0x60017952                ACMP1_IRQHandler
 .text.ACMP2_IRQHandler
                0x6001795a        0x8 ./startup/startup_mimxrt1052.o
                0x6001795a                ACMP2_IRQHandler
 .text.ACMP3_IRQHandler
                0x60017962        0x8 ./startup/startup_mimxrt1052.o
                0x60017962                ACMP3_IRQHandler
 .text.ACMP4_IRQHandler
                0x6001796a        0x8 ./startup/startup_mimxrt1052.o
                0x6001796a                ACMP4_IRQHandler
 .text.Reserved143_IRQHandler
                0x60017972        0x8 ./startup/startup_mimxrt1052.o
                0x60017972                Reserved143_IRQHandler
 .text.Reserved144_IRQHandler
                0x6001797a        0x8 ./startup/startup_mimxrt1052.o
                0x6001797a                Reserved144_IRQHandler
 .text.ENC1_IRQHandler
                0x60017982        0x8 ./startup/startup_mimxrt1052.o
                0x60017982                ENC1_IRQHandler
 .text.ENC2_IRQHandler
                0x6001798a        0x8 ./startup/startup_mimxrt1052.o
                0x6001798a                ENC2_IRQHandler
 .text.ENC3_IRQHandler
                0x60017992        0x8 ./startup/startup_mimxrt1052.o
                0x60017992                ENC3_IRQHandler
 .text.ENC4_IRQHandler
                0x6001799a        0x8 ./startup/startup_mimxrt1052.o