../usb/host/class/usb_host_video.c:110:21:USB_HostVideoControlOpenInterface	56	static
../usb/host/class/usb_host_video.c:178:21:USB_HostVideoStreamOpenInterface	56	static
../usb/host/class/usb_host_video.c:248:13:USB_HostVideoSetControlInterfaceCallback	40	static
../usb/host/class/usb_host_video.c:276:13:USB_HostVideoSetStreamInterfaceCallback	40	static
../usb/host/class/usb_host_video.c:303:13:USB_HostVideoControlCommandCallback	40	static
../usb/host/class/usb_host_video.c:325:13:USB_HostVideoStreamIsoInPipeCallback	40	static
../usb/host/class/usb_host_video.c:353:21:USB_HostVideoControl	24	static
../usb/host/class/usb_host_video.c:425:14:USB_HostVideoStreamSetInterface	72	static
../usb/host/class/usb_host_video.c:595:14:USB_HostVideoControlSetInterface	64	static
../usb/host/class/usb_host_video.c:732:14:USB_HosVideoStreamRecv	32	static
../usb/host/class/usb_host_video.c:790:14:USB_HostVideoInit	32	static
../usb/host/class/usb_host_video.c:826:14:USB_HostVideoDeinit	24	static
../usb/host/class/usb_host_video.c:918:14:USB_HostVideoStreamGetFormatDescriptor	40	static
../usb/host/class/usb_host_video.c:970:14:USB_HostVideoStreamGetFrameDescriptor	40	static
../usb/host/class/usb_host_video.c:1026:14:USB_HostVideoSetProbe	64	static
../usb/host/class/usb_host_video.c:1067:14:USB_HostVideoGetProbe	64	static
../usb/host/class/usb_host_video.c:1107:14:USB_HostVideoGetCommit	64	static
../usb/host/class/usb_host_video.c:1147:14:USB_HostVideoSetCommit	64	static
